Archive member included to satisfy reference by file (symbol)

c:/st/stm32cubeide_1.7.0/stm32cubeide/plugins/com.st.stm32cube.ide.mcu.externaltools.gnu-tools-for-stm32.9-2020-q2-update.win32_2.0.0.202105311346/tools/bin/../lib/gcc/arm-none-eabi/9.3.1/../../../../arm-none-eabi/lib/thumb/v7-m/nofp\libc_nano.a(lib_a-errno.o)
                              ./Core/Src/syscalls.o (__errno)
c:/st/stm32cubeide_1.7.0/stm32cubeide/plugins/com.st.stm32cube.ide.mcu.externaltools.gnu-tools-for-stm32.9-2020-q2-update.win32_2.0.0.202105311346/tools/bin/../lib/gcc/arm-none-eabi/9.3.1/../../../../arm-none-eabi/lib/thumb/v7-m/nofp\libc_nano.a(lib_a-exit.o)
                              c:/st/stm32cubeide_1.7.0/stm32cubeide/plugins/com.st.stm32cube.ide.mcu.externaltools.gnu-tools-for-stm32.9-2020-q2-update.win32_2.0.0.202105311346/tools/bin/../lib/gcc/arm-none-eabi/9.3.1/../../../../arm-none-eabi/lib/thumb/v7-m/nofp/crt0.o (exit)
c:/st/stm32cubeide_1.7.0/stm32cubeide/plugins/com.st.stm32cube.ide.mcu.externaltools.gnu-tools-for-stm32.9-2020-q2-update.win32_2.0.0.202105311346/tools/bin/../lib/gcc/arm-none-eabi/9.3.1/../../../../arm-none-eabi/lib/thumb/v7-m/nofp\libc_nano.a(lib_a-impure.o)
                              c:/st/stm32cubeide_1.7.0/stm32cubeide/plugins/com.st.stm32cube.ide.mcu.externaltools.gnu-tools-for-stm32.9-2020-q2-update.win32_2.0.0.202105311346/tools/bin/../lib/gcc/arm-none-eabi/9.3.1/../../../../arm-none-eabi/lib/thumb/v7-m/nofp\libc_nano.a(lib_a-exit.o) (_global_impure_ptr)
c:/st/stm32cubeide_1.7.0/stm32cubeide/plugins/com.st.stm32cube.ide.mcu.externaltools.gnu-tools-for-stm32.9-2020-q2-update.win32_2.0.0.202105311346/tools/bin/../lib/gcc/arm-none-eabi/9.3.1/../../../../arm-none-eabi/lib/thumb/v7-m/nofp\libc_nano.a(lib_a-init.o)
                              c:/st/stm32cubeide_1.7.0/stm32cubeide/plugins/com.st.stm32cube.ide.mcu.externaltools.gnu-tools-for-stm32.9-2020-q2-update.win32_2.0.0.202105311346/tools/bin/../lib/gcc/arm-none-eabi/9.3.1/../../../../arm-none-eabi/lib/thumb/v7-m/nofp/crt0.o (__libc_init_array)
c:/st/stm32cubeide_1.7.0/stm32cubeide/plugins/com.st.stm32cube.ide.mcu.externaltools.gnu-tools-for-stm32.9-2020-q2-update.win32_2.0.0.202105311346/tools/bin/../lib/gcc/arm-none-eabi/9.3.1/../../../../arm-none-eabi/lib/thumb/v7-m/nofp\libc_nano.a(lib_a-itoa.o)
                              ./Core/Src/oledController.o (itoa)
c:/st/stm32cubeide_1.7.0/stm32cubeide/plugins/com.st.stm32cube.ide.mcu.externaltools.gnu-tools-for-stm32.9-2020-q2-update.win32_2.0.0.202105311346/tools/bin/../lib/gcc/arm-none-eabi/9.3.1/../../../../arm-none-eabi/lib/thumb/v7-m/nofp\libc_nano.a(lib_a-memset.o)
                              c:/st/stm32cubeide_1.7.0/stm32cubeide/plugins/com.st.stm32cube.ide.mcu.externaltools.gnu-tools-for-stm32.9-2020-q2-update.win32_2.0.0.202105311346/tools/bin/../lib/gcc/arm-none-eabi/9.3.1/../../../../arm-none-eabi/lib/thumb/v7-m/nofp/crt0.o (memset)
c:/st/stm32cubeide_1.7.0/stm32cubeide/plugins/com.st.stm32cube.ide.mcu.externaltools.gnu-tools-for-stm32.9-2020-q2-update.win32_2.0.0.202105311346/tools/bin/../lib/gcc/arm-none-eabi/9.3.1/../../../../arm-none-eabi/lib/thumb/v7-m/nofp\libc_nano.a(lib_a-nano-vfprintf_float.o)
                              (_printf_float)
c:/st/stm32cubeide_1.7.0/stm32cubeide/plugins/com.st.stm32cube.ide.mcu.externaltools.gnu-tools-for-stm32.9-2020-q2-update.win32_2.0.0.202105311346/tools/bin/../lib/gcc/arm-none-eabi/9.3.1/../../../../arm-none-eabi/lib/thumb/v7-m/nofp\libc_nano.a(lib_a-nano-vfprintf_i.o)
                              c:/st/stm32cubeide_1.7.0/stm32cubeide/plugins/com.st.stm32cube.ide.mcu.externaltools.gnu-tools-for-stm32.9-2020-q2-update.win32_2.0.0.202105311346/tools/bin/../lib/gcc/arm-none-eabi/9.3.1/../../../../arm-none-eabi/lib/thumb/v7-m/nofp\libc_nano.a(lib_a-nano-vfprintf_float.o) (_printf_common)
c:/st/stm32cubeide_1.7.0/stm32cubeide/plugins/com.st.stm32cube.ide.mcu.externaltools.gnu-tools-for-stm32.9-2020-q2-update.win32_2.0.0.202105311346/tools/bin/../lib/gcc/arm-none-eabi/9.3.1/../../../../arm-none-eabi/lib/thumb/v7-m/nofp\libc_nano.a(lib_a-sprintf.o)
                              ./Core/Src/oledController.o (sprintf)
c:/st/stm32cubeide_1.7.0/stm32cubeide/plugins/com.st.stm32cube.ide.mcu.externaltools.gnu-tools-for-stm32.9-2020-q2-update.win32_2.0.0.202105311346/tools/bin/../lib/gcc/arm-none-eabi/9.3.1/../../../../arm-none-eabi/lib/thumb/v7-m/nofp\libc_nano.a(lib_a-strlen.o)
                              ./Core/Lib/Src/fonts.o (strlen)
c:/st/stm32cubeide_1.7.0/stm32cubeide/plugins/com.st.stm32cube.ide.mcu.externaltools.gnu-tools-for-stm32.9-2020-q2-update.win32_2.0.0.202105311346/tools/bin/../lib/gcc/arm-none-eabi/9.3.1/../../../../arm-none-eabi/lib/thumb/v7-m/nofp\libc_nano.a(lib_a-utoa.o)
[...]
Memory Configuration

Name             Origin             Length             Attributes
RAM              0x0000000020000000 0x0000000000005000 xrw
FLASH            0x0000000008000000 0x0000000000010000 xr
*default*        0x0000000000000000 0xffffffffffffffff

Linker script and memory map

LOAD c:/st/stm32cubeide_1.7.0/stm32cubeide/plugins/com.st.stm32cube.ide.mcu.externaltools.gnu-tools-for-stm32.9-2020-q2-update.win32_2.0.0.202105311346/tools/bin/../lib/gcc/arm-none-eabi/9.3.1/thumb/v7-m/nofp/crti.o
LOAD c:/st/stm32cubeide_1.7.0/stm32cubeide/plugins/com.st.stm32cube.ide.mcu.externaltools.gnu-tools-for-stm32.9-2020-q2-update.win32_2.0.0.202105311346/tools/bin/../lib/gcc/arm-none-eabi/9.3.1/thumb/v7-m/nofp/crtbegin.o
LOAD c:/st/stm32cubeide_1.7.0/stm32cubeide/plugins/com.st.stm32cube.ide.mcu.externaltools.gnu-tools-for-stm32.9-2020-q2-update.win32_2.0.0.202105311346/tools/bin/../lib/gcc/arm-none-eabi/9.3.1/../../../../arm-none-eabi/lib/thumb/v7-m/nofp/crt0.o
LOAD ./Core/Lib/Src/ds18b20.o
LOAD ./Core/Lib/Src/fonts.o
LOAD ./Core/Lib/Src/onewire.o
LOAD ./Core/Lib/Src/ssd1306.o
LOAD ./Core/Lib/Src/test.o
LOAD ./Core/Src/buttonController.o
LOAD ./Core/Src/fnd_controller.o
LOAD ./Core/Src/heaterController.o
LOAD ./Core/Src/hello.o
LOAD ./Core/Src/ledController.o
LOAD ./Core/Src/main.o
LOAD ./Core/Src/oledController.o
LOAD ./Core/Src/stm32f1xx_hal_msp.o
LOAD ./Core/Src/stm32f1xx_it.o
LOAD ./Core/Src/syscalls.o
LOAD ./Core/Src/sysmem.o
LOAD ./Core/Src/system_stm32f1xx.o
LOAD ./Core/Src/utils.o
LOAD ./Core/Startup/startup_stm32f103c8tx.o
LOAD ./Drivers/STM32F1xx_HAL_Driver/Src/stm32f1xx_hal.o
LOAD ./Drivers/STM32F1xx_HAL_Driver/Src/stm32f1xx_hal_cortex.o
LOAD ./Drivers/STM32F1xx_HAL_Driver/Src/stm32f1xx_hal_dma.o
LOAD ./Drivers/STM32F1xx_HAL_Driver/Src/stm32f1xx_hal_exti.o
LOAD ./Drivers/STM32F1xx_HAL_Driver/Src/stm32f1xx_hal_flash.o
LOAD ./Drivers/STM32F1xx_HAL_Driver/Src/stm32f1xx_hal_flash_ex.o
LOAD ./Drivers/STM32F1xx_HAL_Driver/Src/stm32f1xx_hal_gpio.o
LOAD ./Drivers/STM32F1xx_HAL_Driver/Src/stm32f1xx_hal_gpio_ex.o
LOAD ./Drivers/STM32F1xx_HAL_Driver/Src/stm32f1xx_hal_i2c.o
LOAD ./Drivers/STM32F1xx_HAL_Driver/Src/stm32f1xx_hal_pwr.o
LOAD ./Drivers/STM32F1xx_HAL_Driver/Src/stm32f1xx_hal_rcc.o
LOAD ./Drivers/STM32F1xx_HAL_Driver/Src/stm32f1xx_hal_rcc_ex.o
LOAD ./Drivers/STM32F1xx_HAL_Driver/Src/stm32f1xx_hal_spi.o
LOAD ./Drivers/STM32F1xx_HAL_Driver/Src/stm32f1xx_hal_tim.o
LOAD ./Drivers/STM32F1xx_HAL_Driver/Src/stm32f1xx_hal_tim_ex.o
LOAD ./Drivers/STM32F1xx_HAL_Driver/Src/stm32f1xx_hal_uart.o
START GROUP
LOAD c:/st/stm32cubeide_1.7.0/stm32cubeide/plugins/com.st.stm32cube.ide.mcu.externaltools.gnu-tools-for-stm32.9-2020-q2-update.win32_2.0.0.202105311346/tools/bin/../lib/gcc/arm-none-eabi/9.3.1/../../../../arm-none-eabi/lib/thumb/v7-m/nofp\libc_nano.a
LOAD c:/st/stm32cubeide_1.7.0/stm32cubeide/plugins/com.st.stm32cube.ide.mcu.externaltools.gnu-tools-for-stm32.9-2020-q2-update.win32_2.0.0.202105311346/tools/bin/../lib/gcc/arm-none-eabi/9.3.1/../../../../arm-none-eabi/lib/thumb/v7-m/nofp\libm.a
END GROUP
START GROUP
LOAD c:/st/stm32cubeide_1.7.0/stm32cubeide/plugins/com.st.stm32cube.ide.mcu.externaltools.gnu-tools-for-stm32.9-2020-q2-update.win32_2.0.0.202105311346/tools/bin/../lib/gcc/arm-none-eabi/9.3.1/thumb/v7-m/nofp\libgcc.a
LOAD c:/st/stm32cubeide_1.7.0/stm32cubeide/plugins/com.st.stm32cube.ide.mcu.externaltools.gnu-tools-for-stm32.9-2020-q2-update.win32_2.0.0.202105311346/tools/bin/../lib/gcc/arm-none-eabi/9.3.1/../../../../arm-none-eabi/lib/thumb/v7-m/nofp\libc_nano.a
END GROUP
START GROUP
LOAD c:/st/stm32cubeide_1.7.0/stm32cubeide/plugins/com.st.stm32cube.ide.mcu.externaltools.gnu-tools-for-stm32.9-2020-q2-update.win32_2.0.0.202105311346/tools/bin/../lib/gcc/arm-none-eabi/9.3.1/thumb/v7-m/nofp\libgcc.a
LOAD c:/st/stm32cubeide_1.7.0/stm32cubeide/plugins/com.st.stm32cube.ide.mcu.externaltools.gnu-tools-for-stm32.9-2020-q2-update.win32_2.0.0.202105311346/tools/bin/../lib/gcc/arm-none-eabi/9.3.1/../../../../arm-none-eabi/lib/thumb/v7-m/nofp\libc_nano.a
LOAD c:/st/stm32cubeide_1.7.0/stm32cubeide/plugins/com.st.stm32cube.ide.mcu.externaltools.gnu-tools-for-stm32.9-2020-q2-update.win32_2.0.0.202105311346/tools/bin/../lib/gcc/arm-none-eabi/9.3.1/../../../../arm-none-eabi/lib/thumb/v7-m/nofp\libnosys.a
END GROUP
START GROUP
LOAD c:/st/stm32cubeide_1.7.0/stm32cubeide/plugins/com.st.stm32cube.ide.mcu.externaltools.gnu-tools-for-stm32.9-2020-q2-update.win32_2.0.0.202105311346/tools/bin/../lib/gcc/arm-none-eabi/9.3.1/thumb/v7-m/nofp\libgcc.a
LOAD c:/st/stm32cubeide_1.7.0/stm32cubeide/plugins/com.st.stm32cube.ide.mcu.externaltools.gnu-tools-for-stm32.9-2020-q2-update.win32_2.0.0.202105311346/tools/bin/../lib/gcc/arm-none-eabi/9.3.1/../../../../arm-none-eabi/lib/thumb/v7-m/nofp\libc_nano.a
LOAD c:/st/stm32cubeide_1.7.0/stm32cubeide/plugins/com.st.stm32cube.ide.mcu.externaltools.gnu-tools-for-stm32.9-2020-q2-update.win32_2.0.0.202105311346/tools/bin/../lib/gcc/arm-none-eabi/9.3.1/../../../../arm-none-eabi/lib/thumb/v7-m/nofp\libnosys.a
END GROUP
LOAD c:/st/stm32cubeide_1.7.0/stm32cubeide/plugins/com.st.stm32cube.ide.mcu.externaltools.gnu-tools-for-stm32.9-2020-q2-update.win32_2.0.0.202105311346/tools/bin/../lib/gcc/arm-none-eabi/9.3.1/thumb/v7-m/nofp/crtend.o
LOAD c:/st/stm32cubeide_1.7.0/stm32cubeide/plugins/com.st.stm32cube.ide.mcu.externaltools.gnu-tools-for-stm32.9-2020-q2-update.win32_2.0.0.202105311346/tools/bin/../lib/gcc/arm-none-eabi/9.3.1/thumb/v7-m/nofp/crtn.o
                0x0000000020005000                _estack = (ORIGIN (RAM) + LENGTH (RAM))
                0x0000000000000200                _Min_Heap_Size = 0x200
                0x0000000000000400                _Min_Stack_Size = 0x400

.isr_vector     0x0000000008000000      0x10c
                0x0000000008000000                . = ALIGN (0x4)
 *(.isr_vector)
 .isr_vector    0x0000000008000000      0x10c ./Core/Startup/startup_stm32f103c8tx.o
                0x0000000008000000                g_pfnVectors
                0x000000000800010c                . = ALIGN (0x4)

.text           0x0000000008000110     0x8844
                0x0000000008000110                . = ALIGN (0x4)
 *(.text)
 .text          0x0000000008000110       0x40 c:/st/stm32cubeide_1.7.0/stm32cubeide/plugins/com.st.stm32cube.ide.mcu.externaltools.gnu-tools-for-stm32.9-2020-q2-update.win32_2.0.0.202105311346/tools/bin/../lib/gcc/arm-none-eabi/9.3.1/thumb/v7-m/nofp/crtbegin.o
 .text          0x0000000008000150       0x10 c:/st/stm32cubeide_1.7.0/stm32cubeide/plugins/com.st.stm32cube.ide.mcu.externaltools.gnu-tools-for-stm32.9-2020-q2-update.win32_2.0.0.202105311346/tools/bin/../lib/gcc/arm-none-eabi/9.3.1/../../../../arm-none-eabi/lib/thumb/v7-m/nofp\libc_nano.a(lib_a-strlen.o)
                0x0000000008000150                strlen
 .text          0x0000000008000160      0x168 c:/st/stm32cubeide_1.7.0/stm32cubeide/plugins/com.st.stm32cube.ide.mcu.externaltools.gnu-tools-for-stm32.9-2020-q2-update.win32_2.0.0.202105311346/tools/bin/../lib/gcc/arm-none-eabi/9.3.1/thumb/v7-m/nofp\libgcc.a(_arm_mulsf3.o)
                0x0000000008000160                __aeabi_fmul
                0x0000000008000160                __mulsf3
 .text          0x00000000080002c8      0x378 c:/st/stm32cubeide_1.7.0/stm32cubeide/plugins/com.st.stm32cube.ide.mcu.externaltools.gnu-tools-for-stm32.9-2020-q2-update.win32_2.0.0.202105311346/tools/bin/../lib/gcc/arm-none-eabi/9.3.1/thumb/v7-m/nofp\libgcc.a(_arm_addsubdf3.o)
                0x00000000080002c8                __aeabi_drsub
                0x00000000080002d0                __aeabi_dsub
                0x00000000080002d0                __subdf3
                0x00000000080002d4                __aeabi_dadd
                0x00000000080002d4                __adddf3
                0x000000000800054c                __floatunsidf
                0x000000000800054c                __aeabi_ui2d
                0x000000000800056c                __floatsidf
                0x000000000800056c                __aeabi_i2d
                0x0000000008000590                __aeabi_f2d
                0x0000000008000590                __extendsfdf2
                0x00000000080005d4                __floatundidf
                0x00000000080005d4                __aeabi_ul2d
                0x00000000080005e4                __floatdidf
                0x00000000080005e4                __aeabi_l2d
 .text          0x0000000008000640      0x424 c:/st/stm32cubeide_1.7.0/stm32cubeide/plugins/com.st.stm32cube.ide.mcu.externaltools.gnu-tools-for-stm32.9-2020-q2-update.win32_2.0.0.202105311346/tools/bin/../lib/gcc/arm-none-eabi/9.3.1/thumb/v7-m/nofp\libgcc.a(_arm_muldivdf3.o)
                0x0000000008000640                __aeabi_dmul
                0x0000000008000640                __muldf3
                0x0000000008000894                __divdf3
                0x0000000008000894                __aeabi_ddiv
 .text          0x0000000008000a64      0x110 c:/st/stm32cubeide_1.7.0/stm32cubeide/plugins/com.st.stm32cube.ide.mcu.externaltools.gnu-tools-for-stm32.9-2020-q2-update.win32_2.0.0.202105311346/tools/bin/../lib/gcc/arm-none-eabi/9.3.1/thumb/v7-m/nofp\libgcc.a(_arm_cmpdf2.o)
                0x0000000008000a64                __gtdf2
                0x0000000008000a64                __gedf2
                0x0000000008000a6c                __ltdf2
                0x0000000008000a6c                __ledf2
                0x0000000008000a74                __nedf2
                0x0000000008000a74                __eqdf2
                0x0000000008000a74                __cmpdf2
                0x0000000008000af0                __aeabi_cdrcmple
                0x0000000008000b00                __aeabi_cdcmpeq
                0x0000000008000b00                __aeabi_cdcmple
                0x0000000008000b10                __aeabi_dcmpeq
                0x0000000008000b24                __aeabi_dcmplt
                0x0000000008000b38                __aeabi_dcmple
                0x0000000008000b4c                __aeabi_dcmpge
                0x0000000008000b60                __aeabi_dcmpgt
 .text          0x0000000008000b74       0x2c c:/st/stm32cubeide_1.7.0/stm32cubeide/plugins/com.st.stm32cube.ide.mcu.externaltools.gnu-tools-for-stm32.9-2020-q2-update.win32_2.0.0.202105311346/tools/bin/../lib/gcc/arm-none-eabi/9.3.1/thumb/v7-m/nofp\libgcc.a(_arm_unorddf2.o)
                0x0000000008000b74                __unorddf2
                0x0000000008000b74                __aeabi_dcmpun
 .text          0x0000000008000ba0       0x50 c:/st/stm32cubeide_1.7.0/stm32cubeide/plugins/com.st.stm32cube.ide.mcu.externaltools.gnu-tools-for-stm32.9-2020-q2-update.win32_2.0.0.202105311346/tools/bin/../lib/gcc/arm-none-eabi/9.3.1/thumb/v7-m/nofp\libgcc.a(_arm_fixdfsi.o)
                0x0000000008000ba0                __aeabi_d2iz
                0x0000000008000ba0                __fixdfsi
 .text          0x0000000008000bf0      0x21c c:/st/stm32cubeide_1.7.0/stm32cubeide/plugins/com.st.stm32cube.ide.mcu.externaltools.gnu-tools-for-stm32.9-2020-q2-update.win32_2.0.0.202105311346/tools/bin/../lib/gcc/arm-none-eabi/9.3.1/thumb/v7-m/nofp\libgcc.a(_arm_addsubsf3.o)
                0x0000000008000bf0                __aeabi_frsub
                0x0000000008000bf8                __subsf3
                0x0000000008000bf8                __aeabi_fsub
                0x0000000008000bfc                __aeabi_fadd
                0x0000000008000bfc                __addsf3
                0x0000000008000d5c                __aeabi_ui2f
                0x0000000008000d5c                __floatunsisf
                0x0000000008000d64                __aeabi_i2f
                0x0000000008000d64                __floatsisf
                0x0000000008000d80                __aeabi_ul2f
                0x0000000008000d80                __floatundisf
                0x0000000008000d90                __aeabi_l2f
                0x0000000008000d90                __floatdisf
 .text          0x0000000008000e0c       0x4c c:/st/stm32cubeide_1.7.0/stm32cubeide/plugins/com.st.stm32cube.ide.mcu.externaltools.gnu-tools-for-stm32.9-2020-q2-update.win32_2.0.0.202105311346/tools/bin/../lib/gcc/arm-none-eabi/9.3.1/thumb/v7-m/nofp\libgcc.a(_arm_fixsfsi.o)
                0x0000000008000e0c                __aeabi_f2iz
                0x0000000008000e0c                __fixsfsi
 *(.text*)
 .text.isTemperSensorInit
                0x0000000008000e58       0x14 ./Core/Lib/Src/ds18b20.o
                0x0000000008000e58                isTemperSensorInit
 .text.isBusy   0x0000000008000e6c        0xe ./Core/Lib/Src/ds18b20.o
                0x0000000008000e6c                isBusy
 *fill*         0x0000000008000e7a        0x2 
 .text.isConverting
                0x0000000008000e7c       0x14 ./Core/Lib/Src/ds18b20.o
                0x0000000008000e7c                isConverting
 .text.Ds18b20_Init_Simple
                0x0000000008000e90       0x88 ./Core/Lib/Src/ds18b20.o
                0x0000000008000e90                Ds18b20_Init_Simple
 .text.StartConverting
                0x0000000008000f18       0x2c ./Core/Lib/Src/ds18b20.o
                0x0000000008000f18                StartConverting
 .text.checkConverting
                0x0000000008000f44       0x38 ./Core/Lib/Src/ds18b20.o
                0x0000000008000f44                checkConverting
 .text.getTemper
                0x0000000008000f7c       0x40 ./Core/Lib/Src/ds18b20.o
                0x0000000008000f7c                getTemper
 .text.DS18B20_StartAll
                0x0000000008000fbc       0x26 ./Core/Lib/Src/ds18b20.o
                0x0000000008000fbc                DS18B20_StartAll
 *fill*         0x0000000008000fe2        0x2 
 .text.DS18B20_Read
                0x0000000008000fe4      0x1e4 ./Core/Lib/Src/ds18b20.o
                0x0000000008000fe4                DS18B20_Read
 .text.DS18B20_SetResolution
                0x00000000080011c8      0x110 ./Core/Lib/Src/ds18b20.o
                0x00000000080011c8                DS18B20_SetResolution
 .text.DS18B20_Is
                0x00000000080012d8       0x20 ./Core/Lib/Src/ds18b20.o
                0x00000000080012d8                DS18B20_Is
 .text.DS18B20_DisableAlarmTemperature
                0x00000000080012f8       0xb6 ./Core/Lib/Src/ds18b20.o
                0x00000000080012f8                DS18B20_DisableAlarmTemperature
 .text.DS18B20_AllDone
                0x00000000080013ae       0x18 ./Core/Lib/Src/ds18b20.o
                0x00000000080013ae                DS18B20_AllDone
 *fill*         0x00000000080013c6        0x2 
 .text.getCurrentTemper
                0x00000000080013c8       0x14 ./Core/Lib/Src/ds18b20.o
                0x00000000080013c8                getCurrentTemper
 .text.isBusyLine
                0x00000000080013dc       0x14 ./Core/Lib/Src/onewire.o
                0x00000000080013dc                isBusyLine
 .text.ONEWIRE_DELAY
                0x00000000080013f0       0x30 ./Core/Lib/Src/onewire.o
                0x00000000080013f0                ONEWIRE_DELAY
 .text.ONEWIRE_LOW
                0x0000000008001420       0x1e ./Core/Lib/Src/onewire.o
                0x0000000008001420                ONEWIRE_LOW
 .text.ONEWIRE_HIGH
                0x000000000800143e       0x1c ./Core/Lib/Src/onewire.o
                0x000000000800143e                ONEWIRE_HIGH
 .text.ONEWIRE_INPUT
                0x000000000800145a       0x32 ./Core/Lib/Src/onewire.o
                0x000000000800145a                ONEWIRE_INPUT
 .text.ONEWIRE_OUTPUT
                0x000000000800148c       0x32 ./Core/Lib/Src/onewire.o
                0x000000000800148c                ONEWIRE_OUTPUT
 *fill*         0x00000000080014be        0x2 
 .text.OneWire_Init
                0x00000000080014c0       0x68 ./Core/Lib/Src/onewire.o
                0x00000000080014c0                OneWire_Init
 .text.OneWire_Reset
                0x0000000008001528       0x64 ./Core/Lib/Src/onewire.o
                0x0000000008001528                OneWire_Reset
 .text.OneWire_WriteBit
                0x000000000800158c       0xa4 ./Core/Lib/Src/onewire.o
                0x000000000800158c                OneWire_WriteBit
 .text.OneWire_ReadBit
                0x0000000008001630       0x7c ./Core/Lib/Src/onewire.o
                0x0000000008001630                OneWire_ReadBit
 .text.OneWire_WriteByte
                0x00000000080016ac       0x3c ./Core/Lib/Src/onewire.o
                0x00000000080016ac                OneWire_WriteByte
 .text.OneWire_ReadByte
                0x00000000080016e8       0x42 ./Core/Lib/Src/onewire.o
                0x00000000080016e8                OneWire_ReadByte
 .text.OneWire_SelectWithPointer
                0x000000000800172a       0x3e ./Core/Lib/Src/onewire.o
                0x000000000800172a                OneWire_SelectWithPointer
 .text.OneWire_GetFullROM
                0x0000000008001768       0x38 ./Core/Lib/Src/onewire.o
                0x0000000008001768                OneWire_GetFullROM
 .text.OneWire_CRC8
                0x00000000080017a0       0x6e ./Core/Lib/Src/onewire.o
                0x00000000080017a0                OneWire_CRC8
 .text.SSD1306_InvertDisplay
                0x000000000800180e       0x2c ./Core/Lib/Src/ssd1306.o
                0x000000000800180e                SSD1306_InvertDisplay
 *fill*         0x000000000800183a        0x2 
 .text.SSD1306_Init
                0x000000000800183c      0x188 ./Core/Lib/Src/ssd1306.o
                0x000000000800183c                SSD1306_Init
 .text.SSD1306_UpdateScreen
                0x00000000080019c4       0x5c ./Core/Lib/Src/ssd1306.o
                0x00000000080019c4                SSD1306_UpdateScreen
 .text.SSD1306_Fill
                0x0000000008001a20       0x30 ./Core/Lib/Src/ssd1306.o
                0x0000000008001a20                SSD1306_Fill
 .text.SSD1306_DrawPixel
                0x0000000008001a50       0xbc ./Core/Lib/Src/ssd1306.o
                0x0000000008001a50                SSD1306_DrawPixel
 .text.SSD1306_GotoXY
                0x0000000008001b0c       0x2c ./Core/Lib/Src/ssd1306.o
                0x0000000008001b0c                SSD1306_GotoXY
 .text.SSD1306_Putc
                0x0000000008001b38      0x100 ./Core/Lib/Src/ssd1306.o
                0x0000000008001b38                SSD1306_Putc
 .text.SSD1306_Puts
                0x0000000008001c38       0x4a ./Core/Lib/Src/ssd1306.o
                0x0000000008001c38                SSD1306_Puts
 .text.SSD1306_Clear
                0x0000000008001c82       0x12 ./Core/Lib/Src/ssd1306.o
                0x0000000008001c82                SSD1306_Clear
 .text.ssd1306_I2C_Init
                0x0000000008001c94       0x28 ./Core/Lib/Src/ssd1306.o
                0x0000000008001c94                ssd1306_I2C_Init
 .text.ssd1306_I2C_WriteMulti
                0x0000000008001cbc       0x90 ./Core/Lib/Src/ssd1306.o
                0x0000000008001cbc                ssd1306_I2C_WriteMulti
 .text.ssd1306_I2C_Write
                0x0000000008001d4c       0x3c ./Core/Lib/Src/ssd1306.o
                0x0000000008001d4c                ssd1306_I2C_Write
 .text.checkButton
                0x0000000008001d88       0x70 ./Core/Src/buttonController.o
                0x0000000008001d88                checkButton
 .text.getSwState
                0x0000000008001df8       0x24 ./Core/Src/buttonController.o
                0x0000000008001df8                getSwState
 .text.init_fnd
                0x0000000008001e1c       0xd0 ./Core/Src/fnd_controller.o
                0x0000000008001e1c                init_fnd
 .text.send     0x0000000008001eec       0x24 ./Core/Src/fnd_controller.o
                0x0000000008001eec                send
 .text.send_port
                0x0000000008001f10       0x44 ./Core/Src/fnd_controller.o
                0x0000000008001f10                send_port
 .text.digit4_temper
                0x0000000008001f54      0x158 ./Core/Src/fnd_controller.o
                0x0000000008001f54                digit4_temper
 .text.heaterControl
                0x00000000080020ac       0x54 ./Core/Src/heaterController.o
                0x00000000080020ac                heaterControl
 .text.temper_up
                0x0000000008002100       0x30 ./Core/Src/heaterController.o
                0x0000000008002100                temper_up
 .text.temper_down
                0x0000000008002130       0x30 ./Core/Src/heaterController.o
                0x0000000008002130                temper_down
 .text.setFixedTemper
                0x0000000008002160       0x1c ./Core/Src/heaterController.o
                0x0000000008002160                setFixedTemper
 .text.getFixedTemper
                0x000000000800217c       0x14 ./Core/Src/heaterController.o
                0x000000000800217c                getFixedTemper
 .text.heaterOnOff
                0x0000000008002190       0x4c ./Core/Src/heaterController.o
                0x0000000008002190                heaterOnOff
 .text.getHeaterState
                0x00000000080021dc       0x14 ./Core/Src/heaterController.o
                0x00000000080021dc                getHeaterState
 .text.led1OnOff
                0x00000000080021f0       0x38 ./Core/Src/ledController.o
                0x00000000080021f0                led1OnOff
 .text.led2OnOff
                0x0000000008002228       0x38 ./Core/Src/ledController.o
                0x0000000008002228                led2OnOff
 .text._write   0x0000000008002260       0x28 ./Core/Src/main.o
                0x0000000008002260                _write
 .text.main     0x0000000008002288       0xcc ./Core/Src/main.o
                0x0000000008002288                main
 .text.SystemClock_Config
                0x0000000008002354       0x8a ./Core/Src/main.o
                0x0000000008002354                SystemClock_Config
 *fill*         0x00000000080023de        0x2 
 .text.MX_I2C2_Init
                0x00000000080023e0       0x5c ./Core/Src/main.o
 .text.MX_SPI2_Init
                0x000000000800243c       0x6c ./Core/Src/main.o
 .text.MX_TIM2_Init
                0x00000000080024a8       0x98 ./Core/Src/main.o
 .text.MX_TIM3_Init
                0x0000000008002540       0x98 ./Core/Src/main.o
 .text.MX_USART1_UART_Init
                0x00000000080025d8       0x54 ./Core/Src/main.o
 .text.MX_GPIO_Init
                0x000000000800262c      0x1ac ./Core/Src/main.o
 .text.Error_Handler
                0x00000000080027d8        0xa ./Core/Src/main.o
                0x00000000080027d8                Error_Handler
 .text.opening  0x00000000080027e2        0xc ./Core/Src/oledController.o
                0x00000000080027e2                opening
 *fill*         0x00000000080027ee        0x2 
 .text.toggleScreen
                0x00000000080027f0       0x60 ./Core/Src/oledController.o
                0x00000000080027f0                toggleScreen
 .text.startToggle
                0x0000000008002850       0x20 ./Core/Src/oledController.o
                0x0000000008002850                startToggle
 .text.printDefault
                0x0000000008002870       0xb4 ./Core/Src/oledController.o
                0x0000000008002870                printDefault
 .text.printBackground
                0x0000000008002924       0x44 ./Core/Src/oledController.o
                0x0000000008002924                printBackground
 .text.printTemperNoUpdate
                0x0000000008002968       0x50 ./Core/Src/oledController.o
                0x0000000008002968                printTemperNoUpdate
 .text.printTemper
                0x00000000080029b8       0x54 ./Core/Src/oledController.o
                0x00000000080029b8                printTemper
 .text.printHeaterState
                0x0000000008002a0c       0x48 ./Core/Src/oledController.o
                0x0000000008002a0c                printHeaterState
 .text.HAL_MspInit
                0x0000000008002a54       0x64 ./Core/Src/stm32f1xx_hal_msp.o
                0x0000000008002a54                HAL_MspInit
 .text.HAL_I2C_MspInit
                0x0000000008002ab8       0x80 ./Core/Src/stm32f1xx_hal_msp.o
                0x0000000008002ab8                HAL_I2C_MspInit
 .text.HAL_SPI_MspInit
                0x0000000008002b38       0x80 ./Core/Src/stm32f1xx_hal_msp.o
                0x0000000008002b38                HAL_SPI_MspInit
 .text.HAL_TIM_Base_MspInit
                0x0000000008002bb8       0x80 ./Core/Src/stm32f1xx_hal_msp.o
                0x0000000008002bb8                HAL_TIM_Base_MspInit
 .text.HAL_UART_MspInit
                0x0000000008002c38       0x98 ./Core/Src/stm32f1xx_hal_msp.o
                0x0000000008002c38                HAL_UART_MspInit
 .text.NMI_Handler
                0x0000000008002cd0        0x6 ./Core/Src/stm32f1xx_it.o
                0x0000000008002cd0                NMI_Handler
 .text.HardFault_Handler
                0x0000000008002cd6        0x6 ./Core/Src/stm32f1xx_it.o
                0x0000000008002cd6                HardFault_Handler
 .text.MemManage_Handler
                0x0000000008002cdc        0x6 ./Core/Src/stm32f1xx_it.o
                0x0000000008002cdc                MemManage_Handler
 .text.BusFault_Handler
                0x0000000008002ce2        0x6 ./Core/Src/stm32f1xx_it.o
                0x0000000008002ce2                BusFault_Handler
 .text.UsageFault_Handler
                0x0000000008002ce8        0x6 ./Core/Src/stm32f1xx_it.o
                0x0000000008002ce8                UsageFault_Handler
 .text.SVC_Handler
                0x0000000008002cee        0xc ./Core/Src/stm32f1xx_it.o
                0x0000000008002cee                SVC_Handler
 .text.DebugMon_Handler
                0x0000000008002cfa        0xc ./Core/Src/stm32f1xx_it.o
                0x0000000008002cfa                DebugMon_Handler
 .text.PendSV_Handler
                0x0000000008002d06        0xc ./Core/Src/stm32f1xx_it.o
                0x0000000008002d06                PendSV_Handler
 .text.SysTick_Handler
                0x0000000008002d12        0xc ./Core/Src/stm32f1xx_it.o
                0x0000000008002d12                SysTick_Handler
 *fill*         0x0000000008002d1e        0x2 
 .text.EXTI0_IRQHandler
                0x0000000008002d20       0x38 ./Core/Src/stm32f1xx_it.o
                0x0000000008002d20                EXTI0_IRQHandler
 .text.EXTI1_IRQHandler
                0x0000000008002d58       0x38 ./Core/Src/stm32f1xx_it.o
                0x0000000008002d58                EXTI1_IRQHandler
 .text.EXTI2_IRQHandler
                0x0000000008002d90       0x38 ./Core/Src/stm32f1xx_it.o
                0x0000000008002d90                EXTI2_IRQHandler
 .text.TIM2_IRQHandler
                0x0000000008002dc8       0x14 ./Core/Src/stm32f1xx_it.o
                0x0000000008002dc8                TIM2_IRQHandler
 .text.TIM3_IRQHandler
                0x0000000008002ddc       0xa0 ./Core/Src/stm32f1xx_it.o
                0x0000000008002ddc                TIM3_IRQHandler
 .text._getpid  0x0000000008002e7c        0xe ./Core/Src/syscalls.o
                0x0000000008002e7c                _getpid
 .text._kill    0x0000000008002e8a       0x20 ./Core/Src/syscalls.o
                0x0000000008002e8a                _kill
 .text._exit    0x0000000008002eaa       0x14 ./Core/Src/syscalls.o
                0x0000000008002eaa                _exit
 .text._read    0x0000000008002ebe       0x3a ./Core/Src/syscalls.o
                0x0000000008002ebe                _read
 .text._close   0x0000000008002ef8       0x16 ./Core/Src/syscalls.o
                0x0000000008002ef8                _close
 .text._fstat   0x0000000008002f0e       0x1e ./Core/Src/syscalls.o
                0x0000000008002f0e                _fstat
 .text._isatty  0x0000000008002f2c       0x14 ./Core/Src/syscalls.o
                0x0000000008002f2c                _isatty
 .text._lseek   0x0000000008002f40       0x18 ./Core/Src/syscalls.o
                0x0000000008002f40                _lseek
 .text._sbrk    0x0000000008002f58       0x6c ./Core/Src/sysmem.o
                0x0000000008002f58                _sbrk
 .text.SystemInit
                0x0000000008002fc4        0xc ./Core/Src/system_stm32f1xx.o
                0x0000000008002fc4                SystemInit
 .text.Reset_Handler
                0x0000000008002fd0       0x48 ./Core/Startup/startup_stm32f103c8tx.o
                0x0000000008002fd0                Reset_Handler
 .text.Default_Handler
                0x0000000008003018        0x2 ./Core/Startup/startup_stm32f103c8tx.o
                0x0000000008003018                RTC_Alarm_IRQHandler
                0x0000000008003018                TIM1_CC_IRQHandler
                0x0000000008003018                PVD_IRQHandler
                0x0000000008003018                EXTI3_IRQHandler
                0x0000000008003018                I2C2_EV_IRQHandler
                0x0000000008003018                ADC1_2_IRQHandler
                0x0000000008003018                SPI1_IRQHandler
                0x0000000008003018                TAMPER_IRQHandler
                0x0000000008003018                DMA1_Channel4_IRQHandler
                0x0000000008003018                USART3_IRQHandler
                0x0000000008003018                RTC_IRQHandler
                0x0000000008003018                DMA1_Channel7_IRQHandler
                0x0000000008003018                CAN1_RX1_IRQHandler
                0x0000000008003018                TIM4_IRQHandler
                0x0000000008003018                I2C1_EV_IRQHandler
                0x0000000008003018                DMA1_Channel6_IRQHandler
                0x0000000008003018                RCC_IRQHandler
                0x0000000008003018                TIM1_TRG_COM_IRQHandler
                0x0000000008003018                DMA1_Channel1_IRQHandler
                0x0000000008003018                Default_Handler
                0x0000000008003018                EXTI15_10_IRQHandler
                0x0000000008003018                EXTI9_5_IRQHandler
                0x0000000008003018                SPI2_IRQHandler
                0x0000000008003018                DMA1_Channel5_IRQHandler
                0x0000000008003018                EXTI4_IRQHandler
                0x0000000008003018                USB_LP_CAN1_RX0_IRQHandler
                0x0000000008003018                USB_HP_CAN1_TX_IRQHandler
                0x0000000008003018                DMA1_Channel3_IRQHandler
                0x0000000008003018                TIM1_UP_IRQHandler
                0x0000000008003018                WWDG_IRQHandler
                0x0000000008003018                TIM1_BRK_IRQHandler
                0x0000000008003018                USART2_IRQHandler
                0x0000000008003018                I2C2_ER_IRQHandler
                0x0000000008003018                DMA1_Channel2_IRQHandler
                0x0000000008003018                CAN1_SCE_IRQHandler
                0x0000000008003018                FLASH_IRQHandler
                0x0000000008003018                USART1_IRQHandler
                0x0000000008003018                I2C1_ER_IRQHandler
                0x0000000008003018                USBWakeUp_IRQHandler
 *fill*         0x000000000800301a        0x2 
 .text.HAL_Init
                0x000000000800301c       0x2c ./Drivers/STM32F1xx_HAL_Driver/Src/stm32f1xx_hal.o
                0x000000000800301c                HAL_Init
 .text.HAL_InitTick
                0x0000000008003048       0x60 ./Drivers/STM32F1xx_HAL_Driver/Src/stm32f1xx_hal.o
                0x0000000008003048                HAL_InitTick
 .text.HAL_IncTick
                0x00000000080030a8       0x24 ./Drivers/STM32F1xx_HAL_Driver/Src/stm32f1xx_hal.o
                0x00000000080030a8                HAL_IncTick
 .text.HAL_GetTick
                0x00000000080030cc       0x14 ./Drivers/STM32F1xx_HAL_Driver/Src/stm32f1xx_hal.o
                0x00000000080030cc                HAL_GetTick
 .text.HAL_Delay
                0x00000000080030e0       0x48 ./Drivers/STM32F1xx_HAL_Driver/Src/stm32f1xx_hal.o
                0x00000000080030e0                HAL_Delay
 .text.__NVIC_SetPriorityGrouping
                0x0000000008003128       0x48 ./Drivers/STM32F1xx_HAL_Driver/Src/stm32f1xx_hal_cortex.o
 .text.__NVIC_GetPriorityGrouping
                0x0000000008003170       0x1c ./Drivers/STM32F1xx_HAL_Driver/Src/stm32f1xx_hal_cortex.o
 .text.__NVIC_EnableIRQ
                0x000000000800318c       0x38 ./Drivers/STM32F1xx_HAL_Driver/Src/stm32f1xx_hal_cortex.o
 .text.__NVIC_SetPriority
                0x00000000080031c4       0x54 ./Drivers/STM32F1xx_HAL_Driver/Src/stm32f1xx_hal_cortex.o
 .text.NVIC_EncodePriority
                0x0000000008003218       0x64 ./Drivers/STM32F1xx_HAL_Driver/Src/stm32f1xx_hal_cortex.o
 .text.SysTick_Config
                0x000000000800327c       0x44 ./Drivers/STM32F1xx_HAL_Driver/Src/stm32f1xx_hal_cortex.o
 .text.HAL_NVIC_SetPriorityGrouping
                0x00000000080032c0       0x16 ./Drivers/STM32F1xx_HAL_Driver/Src/stm32f1xx_hal_cortex.o
                0x00000000080032c0                HAL_NVIC_SetPriorityGrouping
 .text.HAL_NVIC_SetPriority
                0x00000000080032d6       0x38 ./Drivers/STM32F1xx_HAL_Driver/Src/stm32f1xx_hal_cortex.o
                0x00000000080032d6                HAL_NVIC_SetPriority
 .text.HAL_NVIC_EnableIRQ
                0x000000000800330e       0x1c ./Drivers/STM32F1xx_HAL_Driver/Src/stm32f1xx_hal_cortex.o
                0x000000000800330e                HAL_NVIC_EnableIRQ
 .text.HAL_SYSTICK_Config
                0x000000000800332a       0x18 ./Drivers/STM32F1xx_HAL_Driver/Src/stm32f1xx_hal_cortex.o
                0x000000000800332a                HAL_SYSTICK_Config
 *fill*         0x0000000008003342        0x2 
 .text.HAL_GPIO_Init
                0x0000000008003344      0x308 ./Drivers/STM32F1xx_HAL_Driver/Src/stm32f1xx_hal_gpio.o
                0x0000000008003344                HAL_GPIO_Init
 .text.HAL_GPIO_ReadPin
                0x000000000800364c       0x2e ./Drivers/STM32F1xx_HAL_Driver/Src/stm32f1xx_hal_gpio.o
                0x000000000800364c                HAL_GPIO_ReadPin
 .text.HAL_GPIO_WritePin
                0x000000000800367a       0x30 ./Drivers/STM32F1xx_HAL_Driver/Src/stm32f1xx_hal_gpio.o
                0x000000000800367a                HAL_GPIO_WritePin
 *fill*         0x00000000080036aa        0x2 
 .text.HAL_GPIO_EXTI_IRQHandler
                0x00000000080036ac       0x30 ./Drivers/STM32F1xx_HAL_Driver/Src/stm32f1xx_hal_gpio.o
                0x00000000080036ac                HAL_GPIO_EXTI_IRQHandler
 .text.HAL_GPIO_EXTI_Callback
                0x00000000080036dc       0x14 ./Drivers/STM32F1xx_HAL_Driver/Src/stm32f1xx_hal_gpio.o
                0x00000000080036dc                HAL_GPIO_EXTI_Callback
 .text.HAL_I2C_Init
                0x00000000080036f0      0x288 ./Drivers/STM32F1xx_HAL_Driver/Src/stm32f1xx_hal_i2c.o
                0x00000000080036f0                HAL_I2C_Init
 .text.HAL_I2C_Master_Transmit
                0x0000000008003978      0x1fc ./Drivers/STM32F1xx_HAL_Driver/Src/stm32f1xx_hal_i2c.o
                0x0000000008003978                HAL_I2C_Master_Transmit
 .text.HAL_I2C_IsDeviceReady
                0x0000000008003b74      0x25c ./Drivers/STM32F1xx_HAL_Driver/Src/stm32f1xx_hal_i2c.o
                0x0000000008003b74                HAL_I2C_IsDeviceReady
 .text.I2C_MasterRequestWrite
                0x0000000008003dd0      0x104 ./Drivers/STM32F1xx_HAL_Driver/Src/stm32f1xx_hal_i2c.o
 .text.I2C_WaitOnFlagUntilTimeout
                0x0000000008003ed4       0xae ./Drivers/STM32F1xx_HAL_Driver/Src/stm32f1xx_hal_i2c.o
 .text.I2C_WaitOnMasterAddressFlagUntilTimeout
                0x0000000008003f82       0xfe ./Drivers/STM32F1xx_HAL_Driver/Src/stm32f1xx_hal_i2c.o
 .text.I2C_WaitOnTXEFlagUntilTimeout
                0x0000000008004080       0x82 ./Drivers/STM32F1xx_HAL_Driver/Src/stm32f1xx_hal_i2c.o
 .text.I2C_WaitOnBTFFlagUntilTimeout
                0x0000000008004102       0x82 ./Drivers/STM32F1xx_HAL_Driver/Src/stm32f1xx_hal_i2c.o
 .text.I2C_IsAcknowledgeFailed
                0x0000000008004184       0x5c ./Drivers/STM32F1xx_HAL_Driver/Src/stm32f1xx_hal_i2c.o
 .text.HAL_RCC_OscConfig
                0x00000000080041e0      0x500 ./Drivers/STM32F1xx_HAL_Driver/Src/stm32f1xx_hal_rcc.o
                0x00000000080041e0                HAL_RCC_OscConfig
 .text.HAL_RCC_ClockConfig
                0x00000000080046e0      0x1d4 ./Drivers/STM32F1xx_HAL_Driver/Src/stm32f1xx_hal_rcc.o
                0x00000000080046e0                HAL_RCC_ClockConfig
 .text.HAL_RCC_GetSysClockFreq
                0x00000000080048b4       0xc0 ./Drivers/STM32F1xx_HAL_Driver/Src/stm32f1xx_hal_rcc.o
                0x00000000080048b4                HAL_RCC_GetSysClockFreq
 .text.HAL_RCC_GetHCLKFreq
                0x0000000008004974       0x14 ./Drivers/STM32F1xx_HAL_Driver/Src/stm32f1xx_hal_rcc.o
                0x0000000008004974                HAL_RCC_GetHCLKFreq
 .text.HAL_RCC_GetPCLK1Freq
                0x0000000008004988       0x28 ./Drivers/STM32F1xx_HAL_Driver/Src/stm32f1xx_hal_rcc.o
                0x0000000008004988                HAL_RCC_GetPCLK1Freq
 .text.HAL_RCC_GetPCLK2Freq
                0x00000000080049b0       0x28 ./Drivers/STM32F1xx_HAL_Driver/Src/stm32f1xx_hal_rcc.o
                0x00000000080049b0                HAL_RCC_GetPCLK2Freq
 .text.RCC_Delay
                0x00000000080049d8       0x3c ./Drivers/STM32F1xx_HAL_Driver/Src/stm32f1xx_hal_rcc.o
 .text.HAL_SPI_Init
                0x0000000008004a14      0x108 ./Drivers/STM32F1xx_HAL_Driver/Src/stm32f1xx_hal_spi.o
                0x0000000008004a14                HAL_SPI_Init
 .text.HAL_SPI_Transmit
                0x0000000008004b1c      0x278 ./Drivers/STM32F1xx_HAL_Driver/Src/stm32f1xx_hal_spi.o
                0x0000000008004b1c                HAL_SPI_Transmit
 .text.SPI_WaitFlagStateUntilTimeout
                0x0000000008004d94      0x110 ./Drivers/STM32F1xx_HAL_Driver/Src/stm32f1xx_hal_spi.o
 .text.SPI_EndRxTxTransaction
                0x0000000008004ea4       0x3c ./Drivers/STM32F1xx_HAL_Driver/Src/stm32f1xx_hal_spi.o
 .text.HAL_TIM_Base_Init
                0x0000000008004ee0       0x9e ./Drivers/STM32F1xx_HAL_Driver/Src/stm32f1xx_hal_tim.o
                0x0000000008004ee0                HAL_TIM_Base_Init
 *fill*         0x0000000008004f7e        0x2 
 .text.HAL_TIM_Base_Start
                0x0000000008004f80       0x94 ./Drivers/STM32F1xx_HAL_Driver/Src/stm32f1xx_hal_tim.o
                0x0000000008004f80                HAL_TIM_Base_Start
 .text.HAL_TIM_Base_Start_IT
                0x0000000008005014       0xa4 ./Drivers/STM32F1xx_HAL_Driver/Src/stm32f1xx_hal_tim.o
                0x0000000008005014                HAL_TIM_Base_Start_IT
 .text.HAL_TIM_IRQHandler
                0x00000000080050b8      0x210 ./Drivers/STM32F1xx_HAL_Driver/Src/stm32f1xx_hal_tim.o
                0x00000000080050b8                HAL_TIM_IRQHandler
 .text.HAL_TIM_ConfigClockSource
                0x00000000080052c8      0x188 ./Drivers/STM32F1xx_HAL_Driver/Src/stm32f1xx_hal_tim.o
                0x00000000080052c8                HAL_TIM_ConfigClockSource
 .text.HAL_TIM_PeriodElapsedCallback
                0x0000000008005450       0x12 ./Drivers/STM32F1xx_HAL_Driver/Src/stm32f1xx_hal_tim.o
                0x0000000008005450                HAL_TIM_PeriodElapsedCallback
 .text.HAL_TIM_OC_DelayElapsedCallback
                0x0000000008005462       0x12 ./Drivers/STM32F1xx_HAL_Driver/Src/stm32f1xx_hal_tim.o
                0x0000000008005462                HAL_TIM_OC_DelayElapsedCallback
 .text.HAL_TIM_IC_CaptureCallback
                0x0000000008005474       0x12 ./Drivers/STM32F1xx_HAL_Driver/Src/stm32f1xx_hal_tim.o
                0x0000000008005474                HAL_TIM_IC_CaptureCallback
 .text.HAL_TIM_PWM_PulseFinishedCallback
                0x0000000008005486       0x12 ./Drivers/STM32F1xx_HAL_Driver/Src/stm32f1xx_hal_tim.o
                0x0000000008005486                HAL_TIM_PWM_PulseFinishedCallback
 .text.HAL_TIM_TriggerCallback
                0x0000000008005498       0x12 ./Drivers/STM32F1xx_HAL_Driver/Src/stm32f1xx_hal_tim.o
                0x0000000008005498                HAL_TIM_TriggerCallback
 *fill*         0x00000000080054aa        0x2 
 .text.TIM_Base_SetConfig
                0x00000000080054ac       0xc4 ./Drivers/STM32F1xx_HAL_Driver/Src/stm32f1xx_hal_tim.o
                0x00000000080054ac                TIM_Base_SetConfig
 .text.TIM_TI1_ConfigInputStage
                0x0000000008005570       0x5c ./Drivers/STM32F1xx_HAL_Driver/Src/stm32f1xx_hal_tim.o
 .text.TIM_TI2_ConfigInputStage
                0x00000000080055cc       0x5e ./Drivers/STM32F1xx_HAL_Driver/Src/stm32f1xx_hal_tim.o
 .text.TIM_ITRx_SetConfig
                0x000000000800562a       0x34 ./Drivers/STM32F1xx_HAL_Driver/Src/stm32f1xx_hal_tim.o
 .text.TIM_ETR_SetConfig
                0x000000000800565e       0x3e ./Drivers/STM32F1xx_HAL_Driver/Src/stm32f1xx_hal_tim.o
                0x000000000800565e                TIM_ETR_SetConfig
 .text.HAL_TIMEx_MasterConfigSynchronization
                0x000000000800569c       0xbc ./Drivers/STM32F1xx_HAL_Driver/Src/stm32f1xx_hal_tim_ex.o
                0x000000000800569c                HAL_TIMEx_MasterConfigSynchronization
 .text.HAL_TIMEx_CommutCallback
                0x0000000008005758       0x12 ./Drivers/STM32F1xx_HAL_Driver/Src/stm32f1xx_hal_tim_ex.o
                0x0000000008005758                HAL_TIMEx_CommutCallback
 .text.HAL_TIMEx_BreakCallback
                0x000000000800576a       0x12 ./Drivers/STM32F1xx_HAL_Driver/Src/stm32f1xx_hal_tim_ex.o
                0x000000000800576a                HAL_TIMEx_BreakCallback
 .text.HAL_UART_Init
                0x000000000800577c       0x9a ./Drivers/STM32F1xx_HAL_Driver/Src/stm32f1xx_hal_uart.o
                0x000000000800577c                HAL_UART_Init
 .text.HAL_UART_Transmit
                0x0000000008005816      0x124 ./Drivers/STM32F1xx_HAL_Driver/Src/stm32f1xx_hal_uart.o
                0x0000000008005816                HAL_UART_Transmit
 .text.UART_WaitOnFlagUntilTimeout
                0x000000000800593a       0x94 ./Drivers/STM32F1xx_HAL_Driver/Src/stm32f1xx_hal_uart.o
 *fill*         0x00000000080059ce        0x2 
 .text.UART_SetConfig
                0x00000000080059d0      0x11c ./Drivers/STM32F1xx_HAL_Driver/Src/stm32f1xx_hal_uart.o
 .text.__errno  0x0000000008005aec        0xc c:/st/stm32cubeide_1.7.0/stm32cubeide/plugins/com.st.stm32cube.ide.mcu.externaltools.gnu-tools-for-stm32.9-2020-q2-update.win32_2.0.0.202105311346/tools/bin/../lib/gcc/arm-none-eabi/9.3.1/../../../../arm-none-eabi/lib/thumb/v7-m/nofp\libc_nano.a(lib_a-errno.o)
                0x0000000008005aec                __errno
 .text.__libc_init_array
                0x0000000008005af8       0x48 c:/st/stm32cubeide_1.7.0/stm32cubeide/plugins/com.st.stm32cube.ide.mcu.externaltools.gnu-tools-for-stm32.9-2020-q2-update.win32_2.0.0.202105311346/tools/bin/../lib/gcc/arm-none-eabi/9.3.1/../../../../arm-none-eabi/lib/thumb/v7-m/nofp\libc_nano.a(lib_a-init.o)
                0x0000000008005af8                __libc_init_array
 .text.__itoa   0x0000000008005b40       0x30 c:/st/stm32cubeide_1.7.0/stm32cubeide/plugins/com.st.stm32cube.ide.mcu.externaltools.gnu-tools-for-stm32.9-2020-q2-update.win32_2.0.0.202105311346/tools/bin/../lib/gcc/arm-none-eabi/9.3.1/../../../../arm-none-eabi/lib/thumb/v7-m/nofp\libc_nano.a(lib_a-itoa.o)
                0x0000000008005b40                __itoa
 .text.itoa     0x0000000008005b70        0x4 c:/st/stm32cubeide_1.7.0/stm32cubeide/plugins/com.st.stm32cube.ide.mcu.externaltools.gnu-tools-for-stm32.9-2020-q2-update.win32_2.0.0.202105311346/tools/bin/../lib/gcc/arm-none-eabi/9.3.1/../../../../arm-none-eabi/lib/thumb/v7-m/nofp\libc_nano.a(lib_a-itoa.o)
                0x0000000008005b70                itoa
 .text.memset   0x0000000008005b74       0x10 c:/st/stm32cubeide_1.7.0/stm32cubeide/plugins/com.st.stm32cube.ide.mcu.externaltools.gnu-tools-for-stm32.9-2020-q2-update.win32_2.0.0.202105311346/tools/bin/../lib/gcc/arm-none-eabi/9.3.1/../../../../arm-none-eabi/lib/thumb/v7-m/nofp\libc_nano.a(lib_a-memset.o)
                0x0000000008005b74                memset
 .text.__cvt    0x0000000008005b84       0xbe c:/st/stm32cubeide_1.7.0/stm32cubeide/plugins/com.st.stm32cube.ide.mcu.externaltools.gnu-tools-for-stm32.9-2020-q2-update.win32_2.0.0.202105311346/tools/bin/../lib/gcc/arm-none-eabi/9.3.1/../../../../arm-none-eabi/lib/thumb/v7-m/nofp\libc_nano.a(lib_a-nano-vfprintf_float.o)
                0x0000000008005b84                __cvt
 .text.__exponent
                0x0000000008005c42       0x7c c:/st/stm32cubeide_1.7.0/stm32cubeide/plugins/com.st.stm32cube.ide.mcu.externaltools.gnu-tools-for-stm32.9-2020-q2-update.win32_2.0.0.202105311346/tools/bin/../lib/gcc/arm-none-eabi/9.3.1/../../../../arm-none-eabi/lib/thumb/v7-m/nofp\libc_nano.a(lib_a-nano-vfprintf_float.o)
                0x0000000008005c42                __exponent
 *fill*         0x0000000008005cbe        0x2 
 .text._printf_float
                0x0000000008005cc0      0x458 c:/st/stm32cubeide_1.7.0/stm32cubeide/plugins/com.st.stm32cube.ide.mcu.externaltools.gnu-tools-for-stm32.9-2020-q2-update.win32_2.0.0.202105311346/tools/bin/../lib/gcc/arm-none-eabi/9.3.1/../../../../arm-none-eabi/lib/thumb/v7-m/nofp\libc_nano.a(lib_a-nano-vfprintf_float.o)
                0x0000000008005cc0                _printf_float
 .text._printf_common
                0x0000000008006118       0xde c:/st/stm32cubeide_1.7.0/stm32cubeide/plugins/com.st.stm32cube.ide.mcu.externaltools.gnu-tools-for-stm32.9-2020-q2-update.win32_2.0.0.202105311346/tools/bin/../lib/gcc/arm-none-eabi/9.3.1/../../../../arm-none-eabi/lib/thumb/v7-m/nofp\libc_nano.a(lib_a-nano-vfprintf_i.o)
                0x0000000008006118                _printf_common
 *fill*         0x00000000080061f6        0x2 
 .text._printf_i
                0x00000000080061f8      0x24c c:/st/stm32cubeide_1.7.0/stm32cubeide/plugins/com.st.stm32cube.ide.mcu.externaltools.gnu-tools-for-stm32.9-2020-q2-update.win32_2.0.0.202105311346/tools/bin/../lib/gcc/arm-none-eabi/9.3.1/../../../../arm-none-eabi/lib/thumb/v7-m/nofp\libc_nano.a(lib_a-nano-vfprintf_i.o)
                0x00000000080061f8                _printf_i
 .text.sprintf  0x0000000008006444       0x40 c:/st/stm32cubeide_1.7.0/stm32cubeide/plugins/com.st.stm32cube.ide.mcu.externaltools.gnu-tools-for-stm32.9-2020-q2-update.win32_2.0.0.202105311346/tools/bin/../lib/gcc/arm-none-eabi/9.3.1/../../../../arm-none-eabi/lib/thumb/v7-m/nofp\libc_nano.a(lib_a-sprintf.o)
                0x0000000008006444                siprintf
                0x0000000008006444                sprintf
 .text.__utoa   0x0000000008006484       0x84 c:/st/stm32cubeide_1.7.0/stm32cubeide/plugins/com.st.stm32cube.ide.mcu.externaltools.gnu-tools-for-stm32.9-2020-q2-update.win32_2.0.0.202105311346/tools/bin/../lib/gcc/arm-none-eabi/9.3.1/../../../../arm-none-eabi/lib/thumb/v7-m/nofp\libc_nano.a(lib_a-utoa.o)
                0x0000000008006484                __utoa
 .text.quorem   0x0000000008006508      0x11a c:/st/stm32cubeide_1.7.0/stm32cubeide/plugins/com.st.stm32cube.ide.mcu.externaltools.gnu-tools-for-stm32.9-2020-q2-update.win32_2.0.0.202105311346/tools/bin/../lib/gcc/arm-none-eabi/9.3.1/../../../../arm-none-eabi/lib/thumb/v7-m/nofp\libc_nano.a(lib_a-dtoa.o)
 *fill*         0x0000000008006622        0x6 
 .text._dtoa_r  0x0000000008006628      0xbdc c:/st/stm32cubeide_1.7.0/stm32cubeide/plugins/com.st.stm32cube.ide.mcu.externaltools.gnu-tools-for-stm32.9-2020-q2-update.win32_2.0.0.202105311346/tools/bin/../lib/gcc/arm-none-eabi/9.3.1/../../../../arm-none-eabi/lib/thumb/v7-m/nofp\libc_nano.a(lib_a-dtoa.o)
                0x0000000008006628                _dtoa_r
 .text._localeconv_r
                0x0000000008007204        0x8 c:/st/stm32cubeide_1.7.0/stm32cubeide/plugins/com.st.stm32cube.ide.mcu.externaltools.gnu-tools-for-stm32.9-2020-q2-update.win32_2.0.0.202105311346/tools/bin/../lib/gcc/arm-none-eabi/9.3.1/../../../../arm-none-eabi/lib/thumb/v7-m/nofp\libc_nano.a(lib_a-localeconv.o)
                0x0000000008007204                _localeconv_r
 .text.malloc   0x000000000800720c       0x10 c:/st/stm32cubeide_1.7.0/stm32cubeide/plugins/com.st.stm32cube.ide.mcu.externaltools.gnu-tools-for-stm32.9-2020-q2-update.win32_2.0.0.202105311346/tools/bin/../lib/gcc/arm-none-eabi/9.3.1/../../../../arm-none-eabi/lib/thumb/v7-m/nofp\libc_nano.a(lib_a-malloc.o)
                0x000000000800720c                malloc
 .text.memchr   0x000000000800721c       0x1c c:/st/stm32cubeide_1.7.0/stm32cubeide/plugins/com.st.stm32cube.ide.mcu.externaltools.gnu-tools-for-stm32.9-2020-q2-update.win32_2.0.0.202105311346/tools/bin/../lib/gcc/arm-none-eabi/9.3.1/../../../../arm-none-eabi/lib/thumb/v7-m/nofp\libc_nano.a(lib_a-memchr-stub.o)
                0x000000000800721c                memchr
 .text.memcpy   0x0000000008007238       0x1c c:/st/stm32cubeide_1.7.0/stm32cubeide/plugins/com.st.stm32cube.ide.mcu.externaltools.gnu-tools-for-stm32.9-2020-q2-update.win32_2.0.0.202105311346/tools/bin/../lib/gcc/arm-none-eabi/9.3.1/../../../../arm-none-eabi/lib/thumb/v7-m/nofp\libc_nano.a(lib_a-memcpy-stub.o)
                0x0000000008007238                memcpy
 .text._Balloc  0x0000000008007254       0x80 c:/st/stm32cubeide_1.7.0/stm32cubeide/plugins/com.st.stm32cube.ide.mcu.externaltools.gnu-tools-for-stm32.9-2020-q2-update.win32_2.0.0.202105311346/tools/bin/../lib/gcc/arm-none-eabi/9.3.1/../../../../arm-none-eabi/lib/thumb/v7-m/nofp\libc_nano.a(lib_a-mprec.o)
                0x0000000008007254                _Balloc
 .text._Bfree   0x00000000080072d4       0x44 c:/st/stm32cubeide_1.7.0/stm32cubeide/plugins/com.st.stm32cube.ide.mcu.externaltools.gnu-tools-for-stm32.9-2020-q2-update.win32_2.0.0.202105311346/tools/bin/../lib/gcc/arm-none-eabi/9.3.1/../../../../arm-none-eabi/lib/thumb/v7-m/nofp\libc_nano.a(lib_a-mprec.o)
                0x00000000080072d4                _Bfree
 .text.__multadd
                0x0000000008007318       0x94 c:/st/stm32cubeide_1.7.0/stm32cubeide/plugins/com.st.stm32cube.ide.mcu.externaltools.gnu-tools-for-stm32.9-2020-q2-update.win32_2.0.0.202105311346/tools/bin/../lib/gcc/arm-none-eabi/9.3.1/../../../../arm-none-eabi/lib/thumb/v7-m/nofp\libc_nano.a(lib_a-mprec.o)
                0x0000000008007318                __multadd
 .text.__hi0bits
                0x00000000080073ac       0x40 c:/st/stm32cubeide_1.7.0/stm32cubeide/plugins/com.st.stm32cube.ide.mcu.externaltools.gnu-tools-for-stm32.9-2020-q2-update.win32_2.0.0.202105311346/tools/bin/../lib/gcc/arm-none-eabi/9.3.1/../../../../arm-none-eabi/lib/thumb/v7-m/nofp\libc_nano.a(lib_a-mprec.o)
                0x00000000080073ac                __hi0bits
 .text.__lo0bits
                0x00000000080073ec       0x5c c:/st/stm32cubeide_1.7.0/stm32cubeide/plugins/com.st.stm32cube.ide.mcu.externaltools.gnu-tools-for-stm32.9-2020-q2-update.win32_2.0.0.202105311346/tools/bin/../lib/gcc/arm-none-eabi/9.3.1/../../../../arm-none-eabi/lib/thumb/v7-m/nofp\libc_nano.a(lib_a-mprec.o)
                0x00000000080073ec                __lo0bits
 .text.__i2b    0x0000000008007448       0x2c c:/st/stm32cubeide_1.7.0/stm32cubeide/plugins/com.st.stm32cube.ide.mcu.externaltools.gnu-tools-for-stm32.9-2020-q2-update.win32_2.0.0.202105311346/tools/bin/../lib/gcc/arm-none-eabi/9.3.1/../../../../arm-none-eabi/lib/thumb/v7-m/nofp\libc_nano.a(lib_a-mprec.o)
                0x0000000008007448                __i2b
 .text.__multiply
                0x0000000008007474      0x148 c:/st/stm32cubeide_1.7.0/stm32cubeide/plugins/com.st.stm32cube.ide.mcu.externaltools.gnu-tools-for-stm32.9-2020-q2-update.win32_2.0.0.202105311346/tools/bin/../lib/gcc/arm-none-eabi/9.3.1/../../../../arm-none-eabi/lib/thumb/v7-m/nofp\libc_nano.a(lib_a-mprec.o)
                0x0000000008007474                __multiply
 .text.__pow5mult
                0x00000000080075bc       0xb4 c:/st/stm32cubeide_1.7.0/stm32cubeide/plugins/com.st.stm32cube.ide.mcu.externaltools.gnu-tools-for-stm32.9-2020-q2-update.win32_2.0.0.202105311346/tools/bin/../lib/gcc/arm-none-eabi/9.3.1/../../../../arm-none-eabi/lib/thumb/v7-m/nofp\libc_nano.a(lib_a-mprec.o)
                0x00000000080075bc                __pow5mult
 .text.__lshift
                0x0000000008007670       0xd8 c:/st/stm32cubeide_1.7.0/stm32cubeide/plugins/com.st.stm32cube.ide.mcu.externaltools.gnu-tools-for-stm32.9-2020-q2-update.win32_2.0.0.202105311346/tools/bin/../lib/gcc/arm-none-eabi/9.3.1/../../../../arm-none-eabi/lib/thumb/v7-m/nofp\libc_nano.a(lib_a-mprec.o)
                0x0000000008007670                __lshift
 .text.__mcmp   0x0000000008007748       0x36 c:/st/stm32cubeide_1.7.0/stm32cubeide/plugins/com.st.stm32cube.ide.mcu.externaltools.gnu-tools-for-stm32.9-2020-q2-update.win32_2.0.0.202105311346/tools/bin/../lib/gcc/arm-none-eabi/9.3.1/../../../../arm-none-eabi/lib/thumb/v7-m/nofp\libc_nano.a(lib_a-mprec.o)
                0x0000000008007748                __mcmp
 *fill*         0x000000000800777e        0x2 
 .text.__mdiff  0x0000000008007780      0x120 c:/st/stm32cubeide_1.7.0/stm32cubeide/plugins/com.st.stm32cube.ide.mcu.externaltools.gnu-tools-for-stm32.9-2020-q2-update.win32_2.0.0.202105311346/tools/bin/../lib/gcc/arm-none-eabi/9.3.1/../../../../arm-none-eabi/lib/thumb/v7-m/nofp\libc_nano.a(lib_a-mprec.o)
                0x0000000008007780                __mdiff
 .text.__d2b    0x00000000080078a0       0xb8 c:/st/stm32cubeide_1.7.0/stm32cubeide/plugins/com.st.stm32cube.ide.mcu.externaltools.gnu-tools-for-stm32.9-2020-q2-update.win32_2.0.0.202105311346/tools/bin/../lib/gcc/arm-none-eabi/9.3.1/../../../../arm-none-eabi/lib/thumb/v7-m/nofp\libc_nano.a(lib_a-mprec.o)
                0x00000000080078a0                __d2b
 .text._calloc_r
                0x0000000008007958       0x1c c:/st/stm32cubeide_1.7.0/stm32cubeide/plugins/com.st.stm32cube.ide.mcu.externaltools.gnu-tools-for-stm32.9-2020-q2-update.win32_2.0.0.202105311346/tools/bin/../lib/gcc/arm-none-eabi/9.3.1/../../../../arm-none-eabi/lib/thumb/v7-m/nofp\libc_nano.a(lib_a-nano-callocr.o)
                0x0000000008007958                _calloc_r
 .text._free_r  0x0000000008007974       0x98 c:/st/stm32cubeide_1.7.0/stm32cubeide/plugins/com.st.stm32cube.ide.mcu.externaltools.gnu-tools-for-stm32.9-2020-q2-update.win32_2.0.0.202105311346/tools/bin/../lib/gcc/arm-none-eabi/9.3.1/../../../../arm-none-eabi/lib/thumb/v7-m/nofp\libc_nano.a(lib_a-nano-freer.o)
                0x0000000008007974                _free_r
 .text._malloc_r
                0x0000000008007a0c       0xb4 c:/st/stm32cubeide_1.7.0/stm32cubeide/plugins/com.st.stm32cube.ide.mcu.externaltools.gnu-tools-for-stm32.9-2020-q2-update.win32_2.0.0.202105311346/tools/bin/../lib/gcc/arm-none-eabi/9.3.1/../../../../arm-none-eabi/lib/thumb/v7-m/nofp\libc_nano.a(lib_a-nano-mallocr.o)
                0x0000000008007a0c                _malloc_r
 .text.__ssputs_r
                0x0000000008007ac0       0xb6 c:/st/stm32cubeide_1.7.0/stm32cubeide/plugins/com.st.stm32cube.ide.mcu.externaltools.gnu-tools-for-stm32.9-2020-q2-update.win32_2.0.0.202105311346/tools/bin/../lib/gcc/arm-none-eabi/9.3.1/../../../../arm-none-eabi/lib/thumb/v7-m/nofp\libc_nano.a(lib_a-nano-svfprintf.o)
                0x0000000008007ac0                __ssputs_r
 *fill*         0x0000000008007b76        0x2 
 .text._svfprintf_r
                0x0000000008007b78      0x200 c:/st/stm32cubeide_1.7.0/stm32cubeide/plugins/com.st.stm32cube.ide.mcu.externaltools.gnu-tools-for-stm32.9-2020-q2-update.win32_2.0.0.202105311346/tools/bin/../lib/gcc/arm-none-eabi/9.3.1/../../../../arm-none-eabi/lib/thumb/v7-m/nofp\libc_nano.a(lib_a-nano-svfprintf.o)
                0x0000000008007b78                _svfiprintf_r
                0x0000000008007b78                _svfprintf_r
 .text._sbrk_r  0x0000000008007d78       0x20 c:/st/stm32cubeide_1.7.0/stm32cubeide/plugins/com.st.stm32cube.ide.mcu.externaltools.gnu-tools-for-stm32.9-2020-q2-update.win32_2.0.0.202105311346/tools/bin/../lib/gcc/arm-none-eabi/9.3.1/../../../../arm-none-eabi/lib/thumb/v7-m/nofp\libc_nano.a(lib_a-sbrkr.o)
                0x0000000008007d78                _sbrk_r
 .text.__assert_func
                0x0000000008007d98       0x3c c:/st/stm32cubeide_1.7.0/stm32cubeide/plugins/com.st.stm32cube.ide.mcu.externaltools.gnu-tools-for-stm32.9-2020-q2-update.win32_2.0.0.202105311346/tools/bin/../lib/gcc/arm-none-eabi/9.3.1/../../../../arm-none-eabi/lib/thumb/v7-m/nofp\libc_nano.a(lib_a-assert.o)
                0x0000000008007d98                __assert_func
 .text.fprintf  0x0000000008007dd4       0x24 c:/st/stm32cubeide_1.7.0/stm32cubeide/plugins/com.st.stm32cube.ide.mcu.externaltools.gnu-tools-for-stm32.9-2020-q2-update.win32_2.0.0.202105311346/tools/bin/../lib/gcc/arm-none-eabi/9.3.1/../../../../arm-none-eabi/lib/thumb/v7-m/nofp\libc_nano.a(lib_a-fprintf.o)
                0x0000000008007dd4                fiprintf
                0x0000000008007dd4                fprintf
 .text.__ascii_mbtowc
                0x0000000008007df8       0x24 c:/st/stm32cubeide_1.7.0/stm32cubeide/plugins/com.st.stm32cube.ide.mcu.externaltools.gnu-tools-for-stm32.9-2020-q2-update.win32_2.0.0.202105311346/tools/bin/../lib/gcc/arm-none-eabi/9.3.1/../../../../arm-none-eabi/lib/thumb/v7-m/nofp\libc_nano.a(lib_a-mbtowc_r.o)
                0x0000000008007df8                __ascii_mbtowc
 .text.memmove  0x0000000008007e1c       0x34 c:/st/stm32cubeide_1.7.0/stm32cubeide/plugins/com.st.stm32cube.ide.mcu.externaltools.gnu-tools-for-stm32.9-2020-q2-update.win32_2.0.0.202105311346/tools/bin/../lib/gcc/arm-none-eabi/9.3.1/../../../../arm-none-eabi/lib/thumb/v7-m/nofp\libc_nano.a(lib_a-memmove.o)
                0x0000000008007e1c                memmove
 .text.__malloc_lock
                0x0000000008007e50        0xc c:/st/stm32cubeide_1.7.0/stm32cubeide/plugins/com.st.stm32cube.ide.mcu.externaltools.gnu-tools-for-stm32.9-2020-q2-update.win32_2.0.0.202105311346/tools/bin/../lib/gcc/arm-none-eabi/9.3.1/../../../../arm-none-eabi/lib/thumb/v7-m/nofp\libc_nano.a(lib_a-mlock.o)
                0x0000000008007e50                __malloc_lock
 .text.__malloc_unlock
                0x0000000008007e5c        0xc c:/st/stm32cubeide_1.7.0/stm32cubeide/plugins/com.st.stm32cube.ide.mcu.externaltools.gnu-tools-for-stm32.9-2020-q2-update.win32_2.0.0.202105311346/tools/bin/../lib/gcc/arm-none-eabi/9.3.1/../../../../arm-none-eabi/lib/thumb/v7-m/nofp\libc_nano.a(lib_a-mlock.o)
                0x0000000008007e5c                __malloc_unlock
 .text._realloc_r
                0x0000000008007e68       0x4c c:/st/stm32cubeide_1.7.0/stm32cubeide/plugins/com.st.stm32cube.ide.mcu.externaltools.gnu-tools-for-stm32.9-2020-q2-update.win32_2.0.0.202105311346/tools/bin/../lib/gcc/arm-none-eabi/9.3.1/../../../../arm-none-eabi/lib/thumb/v7-m/nofp\libc_nano.a(lib_a-nano-reallocr.o)
                0x0000000008007e68                _realloc_r
 .text.__sfputc_r
                0x0000000008007eb4       0x2a c:/st/stm32cubeide_1.7.0/stm32cubeide/plugins/com.st.stm32cube.ide.mcu.externaltools.gnu-tools-for-stm32.9-2020-q2-update.win32_2.0.0.202105311346/tools/bin/../lib/gcc/arm-none-eabi/9.3.1/../../../../arm-none-eabi/lib/thumb/v7-m/nofp\libc_nano.a(lib_a-nano-vfprintf.o)
 .text.__sfputs_r
                0x0000000008007ede       0x24 c:/st/stm32cubeide_1.7.0/stm32cubeide/plugins/com.st.stm32cube.ide.mcu.externaltools.gnu-tools-for-stm32.9-2020-q2-update.win32_2.0.0.202105311346/tools/bin/../lib/gcc/arm-none-eabi/9.3.1/../../../../arm-none-eabi/lib/thumb/v7-m/nofp\libc_nano.a(lib_a-nano-vfprintf.o)
                0x0000000008007ede                __sfputs_r
 *fill*         0x0000000008007f02        0x2 
 .text._vfprintf_r
                0x0000000008007f04      0x260 c:/st/stm32cubeide_1.7.0/stm32cubeide/plugins/com.st.stm32cube.ide.mcu.externaltools.gnu-tools-for-stm32.9-2020-q2-update.win32_2.0.0.202105311346/tools/bin/../lib/gcc/arm-none-eabi/9.3.1/../../../../arm-none-eabi/lib/thumb/v7-m/nofp\libc_nano.a(lib_a-nano-vfprintf.o)
                0x0000000008007f04                _vfprintf_r
                0x0000000008007f04                _vfiprintf_r
 .text.__swbuf_r
                0x0000000008008164       0xa4 c:/st/stm32cubeide_1.7.0/stm32cubeide/plugins/com.st.stm32cube.ide.mcu.externaltools.gnu-tools-for-stm32.9-2020-q2-update.win32_2.0.0.202105311346/tools/bin/../lib/gcc/arm-none-eabi/9.3.1/../../../../arm-none-eabi/lib/thumb/v7-m/nofp\libc_nano.a(lib_a-wbuf.o)
                0x0000000008008164                __swbuf_r
 .text.__ascii_wctomb
                0x0000000008008208       0x1a c:/st/stm32cubeide_1.7.0/stm32cubeide/plugins/com.st.stm32cube.ide.mcu.externaltools.gnu-tools-for-stm32.9-2020-q2-update.win32_2.0.0.202105311346/tools/bin/../lib/gcc/arm-none-eabi/9.3.1/../../../../arm-none-eabi/lib/thumb/v7-m/nofp\libc_nano.a(lib_a-wctomb_r.o)
                0x0000000008008208                __ascii_wctomb
 *fill*         0x0000000008008222        0x2 
 .text.__swsetup_r
                0x0000000008008224       0xdc c:/st/stm32cubeide_1.7.0/stm32cubeide/plugins/com.st.stm32cube.ide.mcu.externaltools.gnu-tools-for-stm32.9-2020-q2-update.win32_2.0.0.202105311346/tools/bin/../lib/gcc/arm-none-eabi/9.3.1/../../../../arm-none-eabi/lib/thumb/v7-m/nofp\libc_nano.a(lib_a-wsetup.o)
                0x0000000008008224                __swsetup_r
 .text.abort    0x0000000008008300        0xe c:/st/stm32cubeide_1.7.0/stm32cubeide/plugins/com.st.stm32cube.ide.mcu.externaltools.gnu-tools-for-stm32.9-2020-q2-update.win32_2.0.0.202105311346/tools/bin/../lib/gcc/arm-none-eabi/9.3.1/../../../../arm-none-eabi/lib/thumb/v7-m/nofp\libc_nano.a(lib_a-abort.o)
                0x0000000008008300                abort
 *fill*         0x000000000800830e        0x2 
 .text.__sflush_r
                0x0000000008008310      0x10c c:/st/stm32cubeide_1.7.0/stm32cubeide/plugins/com.st.stm32cube.ide.mcu.externaltools.gnu-tools-for-stm32.9-2020-q2-update.win32_2.0.0.202105311346/tools/bin/../lib/gcc/arm-none-eabi/9.3.1/../../../../arm-none-eabi/lib/thumb/v7-m/nofp\libc_nano.a(lib_a-fflush.o)
                0x0000000008008310                __sflush_r
 .text._fflush_r
                0x000000000800841c       0x78 c:/st/stm32cubeide_1.7.0/stm32cubeide/plugins/com.st.stm32cube.ide.mcu.externaltools.gnu-tools-for-stm32.9-2020-q2-update.win32_2.0.0.202105311346/tools/bin/../lib/gcc/arm-none-eabi/9.3.1/../../../../arm-none-eabi/lib/thumb/v7-m/nofp\libc_nano.a(lib_a-fflush.o)
                0x000000000800841c                _fflush_r
 .text.std      0x0000000008008494       0x48 c:/st/stm32cubeide_1.7.0/stm32cubeide/plugins/com.st.stm32cube.ide.mcu.externaltools.gnu-tools-for-stm32.9-2020-q2-update.win32_2.0.0.202105311346/tools/bin/../lib/gcc/arm-none-eabi/9.3.1/../../../../arm-none-eabi/lib/thumb/v7-m/nofp\libc_nano.a(lib_a-findfp.o)
 .text._cleanup_r
                0x00000000080084dc        0xc c:/st/stm32cubeide_1.7.0/stm32cubeide/plugins/com.st.stm32cube.ide.mcu.externaltools.gnu-tools-for-stm32.9-2020-q2-update.win32_2.0.0.202105311346/tools/bin/../lib/gcc/arm-none-eabi/9.3.1/../../../../arm-none-eabi/lib/thumb/v7-m/nofp\libc_nano.a(lib_a-findfp.o)
                0x00000000080084dc                _cleanup_r
 .text.__sfmoreglue
                0x00000000080084e8       0x2c c:/st/stm32cubeide_1.7.0/stm32cubeide/plugins/com.st.stm32cube.ide.mcu.externaltools.gnu-tools-for-stm32.9-2020-q2-update.win32_2.0.0.202105311346/tools/bin/../lib/gcc/arm-none-eabi/9.3.1/../../../../arm-none-eabi/lib/thumb/v7-m/nofp\libc_nano.a(lib_a-findfp.o)
                0x00000000080084e8                __sfmoreglue
 .text.__sfp_lock_acquire
                0x0000000008008514        0xc c:/st/stm32cubeide_1.7.0/stm32cubeide/plugins/com.st.stm32cube.ide.mcu.externaltools.gnu-tools-for-stm32.9-2020-q2-update.win32_2.0.0.202105311346/tools/bin/../lib/gcc/arm-none-eabi/9.3.1/../../../../arm-none-eabi/lib/thumb/v7-m/nofp\libc_nano.a(lib_a-findfp.o)
                0x0000000008008514                __sfp_lock_acquire
 .text.__sfp_lock_release
                0x0000000008008520        0xc c:/st/stm32cubeide_1.7.0/stm32cubeide/plugins/com.st.stm32cube.ide.mcu.externaltools.gnu-tools-for-stm32.9-2020-q2-update.win32_2.0.0.202105311346/tools/bin/../lib/gcc/arm-none-eabi/9.3.1/../../../../arm-none-eabi/lib/thumb/v7-m/nofp\libc_nano.a(lib_a-findfp.o)
                0x0000000008008520                __sfp_lock_release
 .text.__sinit_lock_acquire
                0x000000000800852c        0xc c:/st/stm32cubeide_1.7.0/stm32cubeide/plugins/com.st.stm32cube.ide.mcu.externaltools.gnu-tools-for-stm32.9-2020-q2-update.win32_2.0.0.202105311346/tools/bin/../lib/gcc/arm-none-eabi/9.3.1/../../../../arm-none-eabi/lib/thumb/v7-m/nofp\libc_nano.a(lib_a-findfp.o)
                0x000000000800852c                __sinit_lock_acquire
 .text.__sinit_lock_release
                0x0000000008008538        0xc c:/st/stm32cubeide_1.7.0/stm32cubeide/plugins/com.st.stm32cube.ide.mcu.externaltools.gnu-tools-for-stm32.9-2020-q2-update.win32_2.0.0.202105311346/tools/bin/../lib/gcc/arm-none-eabi/9.3.1/../../../../arm-none-eabi/lib/thumb/v7-m/nofp\libc_nano.a(lib_a-findfp.o)
                0x0000000008008538                __sinit_lock_release
 .text.__sinit  0x0000000008008544       0x70 c:/st/stm32cubeide_1.7.0/stm32cubeide/plugins/com.st.stm32cube.ide.mcu.externaltools.gnu-tools-for-stm32.9-2020-q2-update.win32_2.0.0.202105311346/tools/bin/../lib/gcc/arm-none-eabi/9.3.1/../../../../arm-none-eabi/lib/thumb/v7-m/nofp\libc_nano.a(lib_a-findfp.o)
                0x0000000008008544                __sinit
 .text.__sfp    0x00000000080085b4       0x8c c:/st/stm32cubeide_1.7.0/stm32cubeide/plugins/com.st.stm32cube.ide.mcu.externaltools.gnu-tools-for-stm32.9-2020-q2-update.win32_2.0.0.202105311346/tools/bin/../lib/gcc/arm-none-eabi/9.3.1/../../../../arm-none-eabi/lib/thumb/v7-m/nofp\libc_nano.a(lib_a-findfp.o)
                0x00000000080085b4                __sfp
 .text._fwalk_reent
                0x0000000008008640       0x3e c:/st/stm32cubeide_1.7.0/stm32cubeide/plugins/com.st.stm32cube.ide.mcu.externaltools.gnu-tools-for-stm32.9-2020-q2-update.win32_2.0.0.202105311346/tools/bin/../lib/gcc/arm-none-eabi/9.3.1/../../../../arm-none-eabi/lib/thumb/v7-m/nofp\libc_nano.a(lib_a-fwalk.o)
                0x0000000008008640                _fwalk_reent
 .text.__retarget_lock_init_recursive
                0x000000000800867e        0x2 c:/st/stm32cubeide_1.7.0/stm32cubeide/plugins/com.st.stm32cube.ide.mcu.externaltools.gnu-tools-for-stm32.9-2020-q2-update.win32_2.0.0.202105311346/tools/bin/../lib/gcc/arm-none-eabi/9.3.1/../../../../arm-none-eabi/lib/thumb/v7-m/nofp\libc_nano.a(lib_a-lock.o)
                0x000000000800867e                __retarget_lock_init_recursive
 .text.__retarget_lock_acquire_recursive
                0x0000000008008680        0x2 c:/st/stm32cubeide_1.7.0/stm32cubeide/plugins/com.st.stm32cube.ide.mcu.externaltools.gnu-tools-for-stm32.9-2020-q2-update.win32_2.0.0.202105311346/tools/bin/../lib/gcc/arm-none-eabi/9.3.1/../../../../arm-none-eabi/lib/thumb/v7-m/nofp\libc_nano.a(lib_a-lock.o)
                0x0000000008008680                __retarget_lock_acquire_recursive
 .text.__retarget_lock_release_recursive
                0x0000000008008682        0x2 c:/st/stm32cubeide_1.7.0/stm32cubeide/plugins/com.st.stm32cube.ide.mcu.externaltools.gnu-tools-for-stm32.9-2020-q2-update.win32_2.0.0.202105311346/tools/bin/../lib/gcc/arm-none-eabi/9.3.1/../../../../arm-none-eabi/lib/thumb/v7-m/nofp\libc_nano.a(lib_a-lock.o)
                0x0000000008008682                __retarget_lock_release_recursive
 .text.__swhatbuf_r
                0x0000000008008684       0x48 c:/st/stm32cubeide_1.7.0/stm32cubeide/plugins/com.st.stm32cube.ide.mcu.externaltools.gnu-tools-for-stm32.9-2020-q2-update.win32_2.0.0.202105311346/tools/bin/../lib/gcc/arm-none-eabi/9.3.1/../../../../arm-none-eabi/lib/thumb/v7-m/nofp\libc_nano.a(lib_a-makebuf.o)
                0x0000000008008684                __swhatbuf_r
 .text.__smakebuf_r
                0x00000000080086cc       0x80 c:/st/stm32cubeide_1.7.0/stm32cubeide/plugins/com.st.stm32cube.ide.mcu.externaltools.gnu-tools-for-stm32.9-2020-q2-update.win32_2.0.0.202105311346/tools/bin/../lib/gcc/arm-none-eabi/9.3.1/../../../../arm-none-eabi/lib/thumb/v7-m/nofp\libc_nano.a(lib_a-makebuf.o)
                0x00000000080086cc                __smakebuf_r
 .text._malloc_usable_size_r
                0x000000000800874c       0x10 c:/st/stm32cubeide_1.7.0/stm32cubeide/plugins/com.st.stm32cube.ide.mcu.externaltools.gnu-tools-for-stm32.9-2020-q2-update.win32_2.0.0.202105311346/tools/bin/../lib/gcc/arm-none-eabi/9.3.1/../../../../arm-none-eabi/lib/thumb/v7-m/nofp\libc_nano.a(lib_a-nano-msizer.o)
                0x000000000800874c                _malloc_usable_size_r
 .text._raise_r
                0x000000000800875c       0x50 c:/st/stm32cubeide_1.7.0/stm32cubeide/plugins/com.st.stm32cube.ide.mcu.externaltools.gnu-tools-for-stm32.9-2020-q2-update.win32_2.0.0.202105311346/tools/bin/../lib/gcc/arm-none-eabi/9.3.1/../../../../arm-none-eabi/lib/thumb/v7-m/nofp\libc_nano.a(lib_a-signal.o)
                0x000000000800875c                _raise_r
 .text.raise    0x00000000080087ac       0x10 c:/st/stm32cubeide_1.7.0/stm32cubeide/plugins/com.st.stm32cube.ide.mcu.externaltools.gnu-tools-for-stm32.9-2020-q2-update.win32_2.0.0.202105311346/tools/bin/../lib/gcc/arm-none-eabi/9.3.1/../../../../arm-none-eabi/lib/thumb/v7-m/nofp\libc_nano.a(lib_a-signal.o)
                0x00000000080087ac                raise
 .text._kill_r  0x00000000080087bc       0x24 c:/st/stm32cubeide_1.7.0/stm32cubeide/plugins/com.st.stm32cube.ide.mcu.externaltools.gnu-tools-for-stm32.9-2020-q2-update.win32_2.0.0.202105311346/tools/bin/../lib/gcc/arm-none-eabi/9.3.1/../../../../arm-none-eabi/lib/thumb/v7-m/nofp\libc_nano.a(lib_a-signalr.o)
                0x00000000080087bc                _kill_r
 .text._getpid_r
                0x00000000080087e0        0x4 c:/st/stm32cubeide_1.7.0/stm32cubeide/plugins/com.st.stm32cube.ide.mcu.externaltools.gnu-tools-for-stm32.9-2020-q2-update.win32_2.0.0.202105311346/tools/bin/../lib/gcc/arm-none-eabi/9.3.1/../../../../arm-none-eabi/lib/thumb/v7-m/nofp\libc_nano.a(lib_a-signalr.o)
                0x00000000080087e0                _getpid_r
 .text.__sread  0x00000000080087e4       0x22 c:/st/stm32cubeide_1.7.0/stm32cubeide/plugins/com.st.stm32cube.ide.mcu.externaltools.gnu-tools-for-stm32.9-2020-q2-update.win32_2.0.0.202105311346/tools/bin/../lib/gcc/arm-none-eabi/9.3.1/../../../../arm-none-eabi/lib/thumb/v7-m/nofp\libc_nano.a(lib_a-stdio.o)
                0x00000000080087e4                __sread
 .text.__swrite
                0x0000000008008806       0x38 c:/st/stm32cubeide_1.7.0/stm32cubeide/plugins/com.st.stm32cube.ide.mcu.externaltools.gnu-tools-for-stm32.9-2020-q2-update.win32_2.0.0.202105311346/tools/bin/../lib/gcc/arm-none-eabi/9.3.1/../../../../arm-none-eabi/lib/thumb/v7-m/nofp\libc_nano.a(lib_a-stdio.o)
                0x0000000008008806                __swrite
 .text.__sseek  0x000000000800883e       0x24 c:/st/stm32cubeide_1.7.0/stm32cubeide/plugins/com.st.stm32cube.ide.mcu.externaltools.gnu-tools-for-stm32.9-2020-q2-update.win32_2.0.0.202105311346/tools/bin/../lib/gcc/arm-none-eabi/9.3.1/../../../../arm-none-eabi/lib/thumb/v7-m/nofp\libc_nano.a(lib_a-stdio.o)
                0x000000000800883e                __sseek
 .text.__sclose
                0x0000000008008862        0x8 c:/st/stm32cubeide_1.7.0/stm32cubeide/plugins/com.st.stm32cube.ide.mcu.externaltools.gnu-tools-for-stm32.9-2020-q2-update.win32_2.0.0.202105311346/tools/bin/../lib/gcc/arm-none-eabi/9.3.1/../../../../arm-none-eabi/lib/thumb/v7-m/nofp\libc_nano.a(lib_a-stdio.o)
                0x0000000008008862                __sclose
 *fill*         0x000000000800886a        0x2 
 .text._write_r
                0x000000000800886c       0x24 c:/st/stm32cubeide_1.7.0/stm32cubeide/plugins/com.st.stm32cube.ide.mcu.externaltools.gnu-tools-for-stm32.9-2020-q2-update.win32_2.0.0.202105311346/tools/bin/../lib/gcc/arm-none-eabi/9.3.1/../../../../arm-none-eabi/lib/thumb/v7-m/nofp\libc_nano.a(lib_a-writer.o)
                0x000000000800886c                _write_r
 .text._close_r
                0x0000000008008890       0x20 c:/st/stm32cubeide_1.7.0/stm32cubeide/plugins/com.st.stm32cube.ide.mcu.externaltools.gnu-tools-for-stm32.9-2020-q2-update.win32_2.0.0.202105311346/tools/bin/../lib/gcc/arm-none-eabi/9.3.1/../../../../arm-none-eabi/lib/thumb/v7-m/nofp\libc_nano.a(lib_a-closer.o)
                0x0000000008008890                _close_r
 .text._fstat_r
                0x00000000080088b0       0x24 c:/st/stm32cubeide_1.7.0/stm32cubeide/plugins/com.st.stm32cube.ide.mcu.externaltools.gnu-tools-for-stm32.9-2020-q2-update.win32_2.0.0.202105311346/tools/bin/../lib/gcc/arm-none-eabi/9.3.1/../../../../arm-none-eabi/lib/thumb/v7-m/nofp\libc_nano.a(lib_a-fstatr.o)
                0x00000000080088b0                _fstat_r
 .text._isatty_r
                0x00000000080088d4       0x20 c:/st/stm32cubeide_1.7.0/stm32cubeide/plugins/com.st.stm32cube.ide.mcu.externaltools.gnu-tools-for-stm32.9-2020-q2-update.win32_2.0.0.202105311346/tools/bin/../lib/gcc/arm-none-eabi/9.3.1/../../../../arm-none-eabi/lib/thumb/v7-m/nofp\libc_nano.a(lib_a-isattyr.o)
                0x00000000080088d4                _isatty_r
 .text._lseek_r
                0x00000000080088f4       0x24 c:/st/stm32cubeide_1.7.0/stm32cubeide/plugins/com.st.stm32cube.ide.mcu.externaltools.gnu-tools-for-stm32.9-2020-q2-update.win32_2.0.0.202105311346/tools/bin/../lib/gcc/arm-none-eabi/9.3.1/../../../../arm-none-eabi/lib/thumb/v7-m/nofp\libc_nano.a(lib_a-lseekr.o)
                0x00000000080088f4                _lseek_r
 .text._read_r  0x0000000008008918       0x24 c:/st/stm32cubeide_1.7.0/stm32cubeide/plugins/com.st.stm32cube.ide.mcu.externaltools.gnu-tools-for-stm32.9-2020-q2-update.win32_2.0.0.202105311346/tools/bin/../lib/gcc/arm-none-eabi/9.3.1/../../../../arm-none-eabi/lib/thumb/v7-m/nofp\libc_nano.a(lib_a-readr.o)
                0x0000000008008918                _read_r
 *(.glue_7)
 .glue_7        0x000000000800893c        0x0 linker stubs
 *(.glue_7t)
 .glue_7t       0x000000000800893c        0x0 linker stubs
 *(.eh_frame)
 .eh_frame      0x000000000800893c        0x0 c:/st/stm32cubeide_1.7.0/stm32cubeide/plugins/com.st.stm32cube.ide.mcu.externaltools.gnu-tools-for-stm32.9-2020-q2-update.win32_2.0.0.202105311346/tools/bin/../lib/gcc/arm-none-eabi/9.3.1/thumb/v7-m/nofp/crtbegin.o
 *(.init)
 .init          0x000000000800893c        0x4 c:/st/stm32cubeide_1.7.0/stm32cubeide/plugins/com.st.stm32cube.ide.mcu.externaltools.gnu-tools-for-stm32.9-2020-q2-update.win32_2.0.0.202105311346/tools/bin/../lib/gcc/arm-none-eabi/9.3.1/thumb/v7-m/nofp/crti.o
                0x000000000800893c                _init
 .init          0x0000000008008940        0x8 c:/st/stm32cubeide_1.7.0/stm32cubeide/plugins/com.st.stm32cube.ide.mcu.externaltools.gnu-tools-for-stm32.9-2020-q2-update.win32_2.0.0.202105311346/tools/bin/../lib/gcc/arm-none-eabi/9.3.1/thumb/v7-m/nofp/crtn.o
 *(.fini)
 .fini          0x0000000008008948        0x4 c:/st/stm32cubeide_1.7.0/stm32cubeide/plugins/com.st.stm32cube.ide.mcu.externaltools.gnu-tools-for-stm32.9-2020-q2-update.win32_2.0.0.202105311346/tools/bin/../lib/gcc/arm-none-eabi/9.3.1/thumb/v7-m/nofp/crti.o
                0x0000000008008948                _fini
 .fini          0x000000000800894c        0x8 c:/st/stm32cubeide_1.7.0/stm32cubeide/plugins/com.st.stm32cube.ide.mcu.externaltools.gnu-tools-for-stm32.9-2020-q2-update.win32_2.0.0.202105311346/tools/bin/../lib/gcc/arm-none-eabi/9.3.1/thumb/v7-m/nofp/crtn.o
                0x0000000008008954                . = ALIGN (0x4)
                0x0000000008008954                _etext = .

.vfp11_veneer   0x0000000008008954        0x0
 .vfp11_veneer  0x0000000008008954        0x0 linker stubs

.v4_bx          0x0000000008008954        0x0
 .v4_bx         0x0000000008008954        0x0 linker stubs

.iplt           0x0000000008008954        0x0
 .iplt          0x0000000008008954        0x0 c:/st/stm32cubeide_1.7.0/stm32cubeide/plugins/com.st.stm32cube.ide.mcu.externaltools.gnu-tools-for-stm32.9-2020-q2-update.win32_2.0.0.202105311346/tools/bin/../lib/gcc/arm-none-eabi/9.3.1/thumb/v7-m/nofp/crtbegin.o

.rodata         0x0000000008008958     0x11bc
                0x0000000008008958                . = ALIGN (0x4)
 *(.rodata)
 .rodata        0x0000000008008958       0x2c ./Core/Src/oledController.o
 .rodata        0x0000000008008984       0x10 ./Drivers/STM32F1xx_HAL_Driver/Src/stm32f1xx_hal_rcc.o
 *(.rodata*)
 .rodata.Font11x18
                0x0000000008008994      0xd5c ./Core/Lib/Src/fonts.o
                0x0000000008008994                Font11x18
 .rodata.AHBPrescTable
                0x00000000080096f0       0x10 ./Core/Src/system_stm32f1xx.o
                0x00000000080096f0                AHBPrescTable
 .rodata.APBPrescTable
                0x0000000008009700        0x8 ./Core/Src/system_stm32f1xx.o
                0x0000000008009700                APBPrescTable
 .rodata._global_impure_ptr
                0x0000000008009708        0x4 c:/st/stm32cubeide_1.7.0/stm32cubeide/plugins/com.st.stm32cube.ide.mcu.externaltools.gnu-tools-for-stm32.9-2020-q2-update.win32_2.0.0.202105311346/tools/bin/../lib/gcc/arm-none-eabi/9.3.1/../../../../arm-none-eabi/lib/thumb/v7-m/nofp\libc_nano.a(lib_a-impure.o)
                0x0000000008009708                _global_impure_ptr
 .rodata._printf_float.str1.1
                0x000000000800970c       0x12 c:/st/stm32cubeide_1.7.0/stm32cubeide/plugins/com.st.stm32cube.ide.mcu.externaltools.gnu-tools-for-stm32.9-2020-q2-update.win32_2.0.0.202105311346/tools/bin/../lib/gcc/arm-none-eabi/9.3.1/../../../../arm-none-eabi/lib/thumb/v7-m/nofp\libc_nano.a(lib_a-nano-vfprintf_float.o)
 .rodata._printf_i.str1.1
                0x000000000800971e       0x22 c:/st/stm32cubeide_1.7.0/stm32cubeide/plugins/com.st.stm32cube.ide.mcu.externaltools.gnu-tools-for-stm32.9-2020-q2-update.win32_2.0.0.202105311346/tools/bin/../lib/gcc/arm-none-eabi/9.3.1/../../../../arm-none-eabi/lib/thumb/v7-m/nofp\libc_nano.a(lib_a-nano-vfprintf_i.o)
 .rodata.__utoa.str1.1
                0x0000000008009740       0x25 c:/st/stm32cubeide_1.7.0/stm32cubeide/plugins/com.st.stm32cube.ide.mcu.externaltools.gnu-tools-for-stm32.9-2020-q2-update.win32_2.0.0.202105311346/tools/bin/../lib/gcc/arm-none-eabi/9.3.1/../../../../arm-none-eabi/lib/thumb/v7-m/nofp\libc_nano.a(lib_a-utoa.o)
 .rodata._dtoa_r.str1.1
                0x0000000008009765       0x94 c:/st/stm32cubeide_1.7.0/stm32cubeide/plugins/com.st.stm32cube.ide.mcu.externaltools.gnu-tools-for-stm32.9-2020-q2-update.win32_2.0.0.202105311346/tools/bin/../lib/gcc/arm-none-eabi/9.3.1/../../../../arm-none-eabi/lib/thumb/v7-m/nofp\libc_nano.a(lib_a-dtoa.o)
                                         0x96 (size before relaxing)
 .rodata._Balloc.str1.1
                0x00000000080097f9       0x60 c:/st/stm32cubeide_1.7.0/stm32cubeide/plugins/com.st.stm32cube.ide.mcu.externaltools.gnu-tools-for-stm32.9-2020-q2-update.win32_2.0.0.202105311346/tools/bin/../lib/gcc/arm-none-eabi/9.3.1/../../../../arm-none-eabi/lib/thumb/v7-m/nofp\libc_nano.a(lib_a-mprec.o)
                                         0x77 (size before relaxing)
 .rodata.__multadd.str1.1
                0x0000000008009859       0x11 c:/st/stm32cubeide_1.7.0/stm32cubeide/plugins/com.st.stm32cube.ide.mcu.externaltools.gnu-tools-for-stm32.9-2020-q2-update.win32_2.0.0.202105311346/tools/bin/../lib/gcc/arm-none-eabi/9.3.1/../../../../arm-none-eabi/lib/thumb/v7-m/nofp\libc_nano.a(lib_a-mprec.o)
 *fill*         0x0000000008009859        0x7 
 .rodata.__mprec_bigtens
                0x0000000008009860       0x28 c:/st/stm32cubeide_1.7.0/stm32cubeide/plugins/com.st.stm32cube.ide.mcu.externaltools.gnu-tools-for-stm32.9-2020-q2-update.win32_2.0.0.202105311346/tools/bin/../lib/gcc/arm-none-eabi/9.3.1/../../../../arm-none-eabi/lib/thumb/v7-m/nofp\libc_nano.a(lib_a-mprec.o)
                0x0000000008009860                __mprec_bigtens
 .rodata.__mprec_tens
                0x0000000008009888       0xc8 c:/st/stm32cubeide_1.7.0/stm32cubeide/plugins/com.st.stm32cube.ide.mcu.externaltools.gnu-tools-for-stm32.9-2020-q2-update.win32_2.0.0.202105311346/tools/bin/../lib/gcc/arm-none-eabi/9.3.1/../../../../arm-none-eabi/lib/thumb/v7-m/nofp\libc_nano.a(lib_a-mprec.o)
                0x0000000008009888                __mprec_tens
 .rodata.p05.6150
                0x0000000008009950        0xc c:/st/stm32cubeide_1.7.0/stm32cubeide/plugins/com.st.stm32cube.ide.mcu.externaltools.gnu-tools-for-stm32.9-2020-q2-update.win32_2.0.0.202105311346/tools/bin/../lib/gcc/arm-none-eabi/9.3.1/../../../../arm-none-eabi/lib/thumb/v7-m/nofp\libc_nano.a(lib_a-mprec.o)
 .rodata._svfprintf_r.str1.1
                0x000000000800995c       0x11 c:/st/stm32cubeide_1.7.0/stm32cubeide/plugins/com.st.stm32cube.ide.mcu.externaltools.gnu-tools-for-stm32.9-2020-q2-update.win32_2.0.0.202105311346/tools/bin/../lib/gcc/arm-none-eabi/9.3.1/../../../../arm-none-eabi/lib/thumb/v7-m/nofp\libc_nano.a(lib_a-nano-svfprintf.o)
 .rodata.__assert_func.str1.1
                0x000000000800996d       0x3c c:/st/stm32cubeide_1.7.0/stm32cubeide/plugins/com.st.stm32cube.ide.mcu.externaltools.gnu-tools-for-stm32.9-2020-q2-update.win32_2.0.0.202105311346/tools/bin/../lib/gcc/arm-none-eabi/9.3.1/../../../../arm-none-eabi/lib/thumb/v7-m/nofp\libc_nano.a(lib_a-assert.o)
                                         0x3d (size before relaxing)
 .rodata._setlocale_r.str1.1
                0x00000000080099a9        0x8 c:/st/stm32cubeide_1.7.0/stm32cubeide/plugins/com.st.stm32cube.ide.mcu.externaltools.gnu-tools-for-stm32.9-2020-q2-update.win32_2.0.0.202105311346/tools/bin/../lib/gcc/arm-none-eabi/9.3.1/../../../../arm-none-eabi/lib/thumb/v7-m/nofp\libc_nano.a(lib_a-locale.o)
                                          0x9 (size before relaxing)
 .rodata.str1.1
                0x00000000080099b1        0x2 c:/st/stm32cubeide_1.7.0/stm32cubeide/plugins/com.st.stm32cube.ide.mcu.externaltools.gnu-tools-for-stm32.9-2020-q2-update.win32_2.0.0.202105311346/tools/bin/../lib/gcc/arm-none-eabi/9.3.1/../../../../arm-none-eabi/lib/thumb/v7-m/nofp\libc_nano.a(lib_a-locale.o)
 .rodata._vfprintf_r.str1.1
                0x00000000080099b3       0x11 c:/st/stm32cubeide_1.7.0/stm32cubeide/plugins/com.st.stm32cube.ide.mcu.externaltools.gnu-tools-for-stm32.9-2020-q2-update.win32_2.0.0.202105311346/tools/bin/../lib/gcc/arm-none-eabi/9.3.1/../../../../arm-none-eabi/lib/thumb/v7-m/nofp\libc_nano.a(lib_a-nano-vfprintf.o)
 .rodata._ctype_
                0x00000000080099b3      0x101 c:/st/stm32cubeide_1.7.0/stm32cubeide/plugins/com.st.stm32cube.ide.mcu.externaltools.gnu-tools-for-stm32.9-2020-q2-update.win32_2.0.0.202105311346/tools/bin/../lib/gcc/arm-none-eabi/9.3.1/../../../../arm-none-eabi/lib/thumb/v7-m/nofp\libc_nano.a(lib_a-ctype_.o)
                0x00000000080099b3                _ctype_
 .rodata.__sf_fake_stderr
                0x0000000008009ab4       0x20 c:/st/stm32cubeide_1.7.0/stm32cubeide/plugins/com.st.stm32cube.ide.mcu.externaltools.gnu-tools-for-stm32.9-2020-q2-update.win32_2.0.0.202105311346/tools/bin/../lib/gcc/arm-none-eabi/9.3.1/../../../../arm-none-eabi/lib/thumb/v7-m/nofp\libc_nano.a(lib_a-findfp.o)
                0x0000000008009ab4                __sf_fake_stderr
 .rodata.__sf_fake_stdin
                0x0000000008009ad4       0x20 c:/st/stm32cubeide_1.7.0/stm32cubeide/plugins/com.st.stm32cube.ide.mcu.externaltools.gnu-tools-for-stm32.9-2020-q2-update.win32_2.0.0.202105311346/tools/bin/../lib/gcc/arm-none-eabi/9.3.1/../../../../arm-none-eabi/lib/thumb/v7-m/nofp\libc_nano.a(lib_a-findfp.o)
                0x0000000008009ad4                __sf_fake_stdin
 .rodata.__sf_fake_stdout
                0x0000000008009af4       0x20 c:/st/stm32cubeide_1.7.0/stm32cubeide/plugins/com.st.stm32cube.ide.mcu.externaltools.gnu-tools-for-stm32.9-2020-q2-update.win32_2.0.0.202105311346/tools/bin/../lib/gcc/arm-none-eabi/9.3.1/../../../../arm-none-eabi/lib/thumb/v7-m/nofp\libc_nano.a(lib_a-findfp.o)
                0x0000000008009af4                __sf_fake_stdout
                0x0000000008009b14                . = ALIGN (0x4)

.rel.dyn        0x0000000008009b14        0x0
 .rel.iplt      0x0000000008009b14        0x0 c:/st/stm32cubeide_1.7.0/stm32cubeide/plugins/com.st.stm32cube.ide.mcu.externaltools.gnu-tools-for-stm32.9-2020-q2-update.win32_2.0.0.202105311346/tools/bin/../lib/gcc/arm-none-eabi/9.3.1/thumb/v7-m/nofp/crtbegin.o

.ARM.extab      0x0000000008009b14        0x0
                0x0000000008009b14                . = ALIGN (0x4)
 *(.ARM.extab* .gnu.linkonce.armextab.*)
                0x0000000008009b14                . = ALIGN (0x4)

.ARM            0x0000000008009b14        0x0
                0x0000000008009b14                . = ALIGN (0x4)
                0x0000000008009b14                __exidx_start = .
 *(.ARM.exidx*)
                0x0000000008009b14                __exidx_end = .
                0x0000000008009b14                . = ALIGN (0x4)

.preinit_array  0x0000000008009b14        0x0
                0x0000000008009b14                . = ALIGN (0x4)
                0x0000000008009b14                PROVIDE (__preinit_array_start = .)
 *(.preinit_array*)
                0x0000000008009b14                PROVIDE (__preinit_array_end = .)
                0x0000000008009b14                . = ALIGN (0x4)

.init_array     0x0000000008009b14        0x4
                0x0000000008009b14                . = ALIGN (0x4)
                0x0000000008009b14                PROVIDE (__init_array_start = .)
 *(SORT_BY_NAME(.init_array.*))
 *(.init_array*)
 .init_array    0x0000000008009b14        0x4 c:/st/stm32cubeide_1.7.0/stm32cubeide/plugins/com.st.stm32cube.ide.mcu.externaltools.gnu-tools-for-stm32.9-2020-q2-update.win32_2.0.0.202105311346/tools/bin/../lib/gcc/arm-none-eabi/9.3.1/thumb/v7-m/nofp/crtbegin.o
                0x0000000008009b18                PROVIDE (__init_array_end = .)
                0x0000000008009b18                . = ALIGN (0x4)

.fini_array     0x0000000008009b18        0x4
                0x0000000008009b18                . = ALIGN (0x4)
                [!provide]                        PROVIDE (__fini_array_start = .)
 *(SORT_BY_NAME(.fini_array.*))
 *(.fini_array*)
 .fini_array    0x0000000008009b18        0x4 c:/st/stm32cubeide_1.7.0/stm32cubeide/plugins/com.st.stm32cube.ide.mcu.externaltools.gnu-tools-for-stm32.9-2020-q2-update.win32_2.0.0.202105311346/tools/bin/../lib/gcc/arm-none-eabi/9.3.1/thumb/v7-m/nofp/crtbegin.o
                [!provide]                        PROVIDE (__fini_array_end = .)
                0x0000000008009b1c                . = ALIGN (0x4)
                0x0000000008009b1c                _sidata = LOADADDR (.data)

.data           0x0000000020000000      0x1ec load address 0x0000000008009b1c
                0x0000000020000000                . = ALIGN (0x4)
                0x0000000020000000                _sdata = .
 *(.data)
 *(.data*)
 .data.Font_11x18
                0x0000000020000000        0x8 ./Core/Lib/Src/fonts.o
                0x0000000020000000                Font_11x18
 .data.m_desired_temper
                0x0000000020000008        0x4 ./Core/Src/heaterController.o
 .data.m_fixed_temper
                0x000000002000000c        0x4 ./Core/Src/heaterController.o
 .data.SystemCoreClock
                0x0000000020000010        0x4 ./Core/Src/system_stm32f1xx.o
                0x0000000020000010                SystemCoreClock
 .data.uwTickPrio
                0x0000000020000014        0x4 ./Drivers/STM32F1xx_HAL_Driver/Src/stm32f1xx_hal.o
                0x0000000020000014                uwTickPrio
 .data.uwTickFreq
                0x0000000020000018        0x1 ./Drivers/STM32F1xx_HAL_Driver/Src/stm32f1xx_hal.o
                0x0000000020000018                uwTickFreq
 *fill*         0x0000000020000019        0x3 
 .data._impure_ptr
                0x000000002000001c        0x4 c:/st/stm32cubeide_1.7.0/stm32cubeide/plugins/com.st.stm32cube.ide.mcu.externaltools.gnu-tools-for-stm32.9-2020-q2-update.win32_2.0.0.202105311346/tools/bin/../lib/gcc/arm-none-eabi/9.3.1/../../../../arm-none-eabi/lib/thumb/v7-m/nofp\libc_nano.a(lib_a-impure.o)
                0x000000002000001c                _impure_ptr
 .data.impure_data
                0x0000000020000020       0x60 c:/st/stm32cubeide_1.7.0/stm32cubeide/plugins/com.st.stm32cube.ide.mcu.externaltools.gnu-tools-for-stm32.9-2020-q2-update.win32_2.0.0.202105311346/tools/bin/../lib/gcc/arm-none-eabi/9.3.1/../../../../arm-none-eabi/lib/thumb/v7-m/nofp\libc_nano.a(lib_a-impure.o)
 .data.__global_locale
                0x0000000020000080      0x16c c:/st/stm32cubeide_1.7.0/stm32cubeide/plugins/com.st.stm32cube.ide.mcu.externaltools.gnu-tools-for-stm32.9-2020-q2-update.win32_2.0.0.202105311346/tools/bin/../lib/gcc/arm-none-eabi/9.3.1/../../../../arm-none-eabi/lib/thumb/v7-m/nofp\libc_nano.a(lib_a-locale.o)
                0x0000000020000080                __global_locale
 *(.RamFunc)
 *(.RamFunc*)
                0x00000000200001ec                . = ALIGN (0x4)
                0x00000000200001ec                _edata = .

.igot.plt       0x00000000200001ec        0x0 load address 0x0000000008009d08
 .igot.plt      0x00000000200001ec        0x0 c:/st/stm32cubeide_1.7.0/stm32cubeide/plugins/com.st.stm32cube.ide.mcu.externaltools.gnu-tools-for-stm32.9-2020-q2-update.win32_2.0.0.202105311346/tools/bin/../lib/gcc/arm-none-eabi/9.3.1/thumb/v7-m/nofp/crtbegin.o
                0x00000000200001ec                . = ALIGN (0x4)

.bss            0x00000000200001ec      0x648 load address 0x0000000008009d08
                0x00000000200001ec                _sbss = .
                0x00000000200001ec                __bss_start__ = _sbss
 *(.bss)
 .bss           0x00000000200001ec       0x1c c:/st/stm32cubeide_1.7.0/stm32cubeide/plugins/com.st.stm32cube.ide.mcu.externaltools.gnu-tools-for-stm32.9-2020-q2-update.win32_2.0.0.202105311346/tools/bin/../lib/gcc/arm-none-eabi/9.3.1/thumb/v7-m/nofp/crtbegin.o
 *(.bss*)
 .bss.m_init    0x0000000020000208        0x1 ./Core/Lib/Src/ds18b20.o
 .bss.m_busy    0x0000000020000209        0x1 ./Core/Lib/Src/ds18b20.o
 .bss.m_isConverting
                0x000000002000020a        0x1 ./Core/Lib/Src/ds18b20.o
 .bss.m_busy_line
                0x000000002000020b        0x1 ./Core/Lib/Src/onewire.o
 .bss.SSD1306_Buffer
                0x000000002000020c      0x400 ./Core/Lib/Src/ssd1306.o
 .bss.SSD1306   0x000000002000060c        0x6 ./Core/Lib/Src/ssd1306.o
 *fill*         0x0000000020000612        0x2 
 .bss.count     0x0000000020000614        0x4 ./Core/Src/buttonController.o
                0x0000000020000614                count
 .bss.m_hspi    0x0000000020000618        0x4 ./Core/Src/fnd_controller.o
 .bss.m_tempercount
                0x000000002000061c        0x1 ./Core/Src/fnd_controller.o
 .bss.m_state   0x000000002000061d        0x1 ./Core/Src/heaterController.o
 .bss.g_f_sw_up
                0x000000002000061e        0x1 ./Core/Src/main.o
                0x000000002000061e                g_f_sw_up
 .bss.g_f_sw_down
                0x000000002000061f        0x1 ./Core/Src/main.o
                0x000000002000061f                g_f_sw_down
 .bss.g_f_sw_fix
                0x0000000020000620        0x1 ./Core/Src/main.o
                0x0000000020000620                g_f_sw_fix
 .bss.g_f_sw_on
                0x0000000020000621        0x1 ./Core/Src/main.o
                0x0000000020000621                g_f_sw_on
 *fill*         0x0000000020000622        0x2 
 .bss.m_count.8487
                0x0000000020000624        0x4 ./Core/Src/main.o
 .bss.m_first.8488
                0x0000000020000628        0x4 ./Core/Src/main.o
 .bss.m_toggle  0x000000002000062c        0x1 ./Core/Src/oledController.o
 .bss.m_toggle_count
                0x000000002000062d        0x1 ./Core/Src/oledController.o
 *fill*         0x000000002000062e        0x2 
 .bss.m_button_before_time
                0x0000000020000630        0x4 ./Core/Src/stm32f1xx_it.o
 .bss.m_power_sw_timer
                0x0000000020000634        0x4 ./Core/Src/stm32f1xx_it.o
 .bss.m_toggle_timer
                0x0000000020000638        0x4 ./Core/Src/stm32f1xx_it.o
 .bss.__sbrk_heap_end
                0x000000002000063c        0x4 ./Core/Src/sysmem.o
 .bss.__malloc_free_list
                0x0000000020000640        0x4 c:/st/stm32cubeide_1.7.0/stm32cubeide/plugins/com.st.stm32cube.ide.mcu.externaltools.gnu-tools-for-stm32.9-2020-q2-update.win32_2.0.0.202105311346/tools/bin/../lib/gcc/arm-none-eabi/9.3.1/../../../../arm-none-eabi/lib/thumb/v7-m/nofp\libc_nano.a(lib_a-nano-mallocr.o)
                0x0000000020000640                __malloc_free_list
 .bss.__malloc_sbrk_start
                0x0000000020000644        0x4 c:/st/stm32cubeide_1.7.0/stm32cubeide/plugins/com.st.stm32cube.ide.mcu.externaltools.gnu-tools-for-stm32.9-2020-q2-update.win32_2.0.0.202105311346/tools/bin/../lib/gcc/arm-none-eabi/9.3.1/../../../../arm-none-eabi/lib/thumb/v7-m/nofp\libc_nano.a(lib_a-nano-mallocr.o)
                0x0000000020000644                __malloc_sbrk_start
 *(COMMON)
 COMMON         0x0000000020000648       0x38 ./Core/Lib/Src/ds18b20.o
                0x0000000020000648                OneWireDevices
                0x000000002000064c                ds18b20
                0x000000002000065c                OneWire
                0x0000000020000670                temperSensor
 COMMON         0x0000000020000680       0x1d ./Core/Src/fnd_controller.o
                0x0000000020000680                _LED_0F
 *fill*         0x000000002000069d        0x3 
 COMMON         0x00000000200006a0      0x180 ./Core/Src/main.o
                0x00000000200006a0                hspi2
                0x00000000200006f8                hi2c2
                0x000000002000074c                htim3
                0x0000000020000794                huart1
                0x00000000200007d8                htim2
 COMMON         0x0000000020000820        0x4 ./Drivers/STM32F1xx_HAL_Driver/Src/stm32f1xx_hal.o
                0x0000000020000820                uwTick